-- The C compiler identification is GNU 11.4.0
-- The CXX compiler identification is GNU 11.4.0
-- Detecting C compiler ABI info
-- Detecting C compiler ABI info - done
-- Check for working C compiler: /usr/bin/cc - skipped
-- Detecting C compile features
-- Detecting C compile features - done
-- Detecting CXX compiler ABI info
-- Detecting CXX compiler ABI info - done
-- Check for working CXX compiler: /usr/bin/c++ - skipped
-- Detecting CXX compile features
-- Detecting CXX compile features - done
-- Found ament_cmake: 1.3.14 (/opt/ros/humble/share/ament_cmake/cmake)
-- Found Python3: /usr/bin/python3 (found version "3.10.12") found components: Interpreter 
-- Found ament_index_cpp: 1.4.1 (/opt/ros/humble/share/ament_index_cpp/cmake)
-- Found rclcpp: 16.0.19 (/opt/ros/humble/share/rclcpp/cmake)
-- Found rosidl_generator_c: 3.1.8 (/opt/ros/humble/share/rosidl_generator_c/cmake)
-- Found rosidl_adapter: 3.1.8 (/opt/ros/humble/share/rosidl_adapter/cmake)
-- Found rosidl_generator_cpp: 3.1.8 (/opt/ros/humble/share/rosidl_generator_cpp/cmake)
-- Using all available rosidl_typesupport_c: rosidl_typesupport_fastrtps_c;rosidl_typesupport_introspection_c
-- Using all available rosidl_typesupport_cpp: rosidl_typesupport_fastrtps_cpp;rosidl_typesupport_introspection_cpp
-- Found rmw_implementation_cmake: 6.1.2 (/opt/ros/humble/share/rmw_implementation_cmake/cmake)
-- Found rmw_fastrtps_cpp: 6.2.10 (/opt/ros/humble/share/rmw_fastrtps_cpp/cmake)
-- Found OpenSSL: /usr/lib/x86_64-linux-gnu/libcrypto.so (found version "3.0.2")  
-- Found FastRTPS: /opt/ros/humble/include  
-- Using RMW implementation 'rmw_fastrtps_cpp' as default
-- Looking for pthread.h
-- Looking for pthread.h - found
-- Performing Test CMAKE_HAVE_LIBC_PTHREAD
-- Performing Test CMAKE_HAVE_LIBC_PTHREAD - Success
-- Found Threads: TRUE  
-- Found rosidl_default_generators: 1.2.1 (/opt/ros/humble/share/rosidl_default_generators/cmake)
-- Found sensor_msgs: 4.9.1 (/opt/ros/humble/share/sensor_msgs/cmake)
[33mCMake Warning (dev) at /usr/share/cmake-3.22/Modules/FindOpenGL.cmake:315 (message):
  Policy CMP0072 is not set: FindOpenGL prefers GLVND by default when
  available.  Run "cmake --help-policy CMP0072" for policy details.  Use the
  cmake_policy command to set the policy and suppress this warning.

  FindOpenGL found both a legacy GL library:

    OPENGL_gl_LIBRARY: /usr/lib/x86_64-linux-gnu/libGL.so

  and GLVND libraries for OpenGL and GLX:

    OPENGL_opengl_LIBRARY: /usr/lib/x86_64-linux-gnu/libOpenGL.so
    OPENGL_glx_LIBRARY: /usr/lib/x86_64-linux-gnu/libGLX.so

  OpenGL_GL_PREFERENCE has not been set to "GLVND" or "LEGACY", so for
  compatibility with CMake 3.10 and below the legacy GL library will be used.
Call Stack (most recent call first):
  CMakeLists.txt:14 (find_package)
This warning is for project developers.  Use -Wno-dev to suppress it.
[0m
-- Found OpenGL: /usr/lib/x86_64-linux-gnu/libOpenGL.so   
-- Found ament_cmake_ros: 0.10.0 (/opt/ros/humble/share/ament_cmake_ros/cmake)
-- Using all available rosidl_typesupport_c: rosidl_typesupport_fastrtps_c;rosidl_typesupport_introspection_c
-- Using all available rosidl_typesupport_cpp: rosidl_typesupport_fastrtps_cpp;rosidl_typesupport_introspection_cpp
-- Found PythonInterp: /usr/bin/python3 (found suitable version "3.10.12", minimum required is "3.6") 
-- Found python_cmake_module: 0.10.0 (/opt/ros/humble/share/python_cmake_module/cmake)
-- Found PythonLibs: /usr/lib/x86_64-linux-gnu/libpython3.10.so (found suitable version "3.10.12", minimum required is "3.5") 
-- Using PYTHON_EXECUTABLE: /usr/bin/python3
-- Using PYTHON_INCLUDE_DIRS: /usr/include/python3.10
-- Using PYTHON_LIBRARIES: /usr/lib/x86_64-linux-gnu/libpython3.10.so
-- Found PythonExtra: .so  
-- Configuring done
-- Generating done
-- Build files have been written to: /workspace/LeapXELA_Hardware_ws/build/xela_sparshskin_sim
[  2%] [34m[1mGenerating C code for ROS interfaces[0m
[  4%] [34m[1mGenerating Rust code for ROS interfaces[0m
[  6%] [34m[1mGenerating C++ code for ROS interfaces[0m
[  9%] [32mBuilding CXX object CMakeFiles/process_hand_sensors_into_pointcloud.dir/src/process_hand_sensors_into_pointcloud.cc.o[0m
[ 11%] [32mBuilding CXX object CMakeFiles/process_hand_sensors_into_pointcloud.dir/src/camera_control.cc.o[0m
[ 11%] Built target ament_cmake_python_copy_xela_sparshskin_sim
[ 11%] Built target xela_sparshskin_sim__rs
running egg_info
[ 11%] Built target xela_sparshskin_sim__cpp
[ 16%] [32mBuilding C object CMakeFiles/xela_sparshskin_sim__rosidl_generator_c.dir/rosidl_generator_c/xela_sparshskin_sim/msg/detail/hand_sensors__functions.c.o[0m
[ 16%] [32mBuilding C object CMakeFiles/xela_sparshskin_sim__rosidl_generator_c.dir/rosidl_generator_c/xela_sparshskin_sim/msg/detail/texel__functions.c.o[0m
creating xela_sparshskin_sim.egg-info
writing xela_sparshskin_sim.egg-info/PKG-INFO
writing dependency_links to xela_sparshskin_sim.egg-info/dependency_links.txt
writing top-level names to xela_sparshskin_sim.egg-info/top_level.txt
writing manifest file 'xela_sparshskin_sim.egg-info/SOURCES.txt'
[ 18%] [34m[1mGenerating C++ introspection for ROS interfaces[0m
[ 20%] [34m[1mGenerating C++ type support dispatch for ROS interfaces[0m
[ 23%] [34m[1mGenerating C++ type support for eProsima Fast-RTPS[0m
[ 25%] [32m[1mLinking C shared library libxela_sparshskin_sim__rosidl_generator_c.so[0m
reading manifest file 'xela_sparshskin_sim.egg-info/SOURCES.txt'
writing manifest file 'xela_sparshskin_sim.egg-info/SOURCES.txt'
[ 25%] Built target xela_sparshskin_sim__rosidl_generator_c
[ 27%] [34m[1mGenerating C type support for eProsima Fast-RTPS[0m
[ 32%] [34m[1mGenerating C type support dispatch for ROS interfaces[0m
[ 32%] [34m[1mGenerating C introspection for ROS interfaces[0m
[ 32%] Built target ament_cmake_python_build_xela_sparshskin_sim_egg
[ 34%] [32mBuilding CXX object CMakeFiles/xela_sparshskin_sim__rosidl_typesupport_cpp.dir/rosidl_typesupport_cpp/xela_sparshskin_sim/msg/texel__type_support.cpp.o[0m
[ 37%] [32mBuilding CXX object CMakeFiles/xela_sparshskin_sim__rosidl_typesupport_cpp.dir/rosidl_typesupport_cpp/xela_sparshskin_sim/msg/hand_sensors__type_support.cpp.o[0m
[ 39%] [32mBuilding CXX object CMakeFiles/xela_sparshskin_sim__rosidl_typesupport_introspection_cpp.dir/rosidl_typesupport_introspection_cpp/xela_sparshskin_sim/msg/detail/texel__type_support.cpp.o[0m
[ 41%] [32mBuilding CXX object CMakeFiles/xela_sparshskin_sim__rosidl_typesupport_introspection_cpp.dir/rosidl_typesupport_introspection_cpp/xela_sparshskin_sim/msg/detail/hand_sensors__type_support.cpp.o[0m
[ 44%] [32mBuilding CXX object CMakeFiles/xela_sparshskin_sim__rosidl_typesupport_fastrtps_cpp.dir/rosidl_typesupport_fastrtps_cpp/xela_sparshskin_sim/msg/detail/dds_fastrtps/texel__type_support.cpp.o[0m
[ 46%] [32mBuilding CXX object CMakeFiles/xela_sparshskin_sim__rosidl_typesupport_fastrtps_cpp.dir/rosidl_typesupport_fastrtps_cpp/xela_sparshskin_sim/msg/detail/dds_fastrtps/hand_sensors__type_support.cpp.o[0m
[ 48%] [32mBuilding CXX object CMakeFiles/xela_sparshskin_sim__rosidl_typesupport_c.dir/rosidl_typesupport_c/xela_sparshskin_sim/msg/texel__type_support.cpp.o[0m
[ 51%] [32mBuilding CXX object CMakeFiles/xela_sparshskin_sim__rosidl_typesupport_c.dir/rosidl_typesupport_c/xela_sparshskin_sim/msg/hand_sensors__type_support.cpp.o[0m
[ 53%] [32m[1mLinking CXX shared library libxela_sparshskin_sim__rosidl_typesupport_c.so[0m
[ 55%] [32mBuilding CXX object CMakeFiles/xela_sparshskin_sim__rosidl_typesupport_fastrtps_c.dir/rosidl_typesupport_fastrtps_c/xela_sparshskin_sim/msg/detail/texel__type_support_c.cpp.o[0m
[ 58%] [32mBuilding CXX object CMakeFiles/xela_sparshskin_sim__rosidl_typesupport_fastrtps_c.dir/rosidl_typesupport_fastrtps_c/xela_sparshskin_sim/msg/detail/hand_sensors__type_support_c.cpp.o[0m
[ 58%] Built target xela_sparshskin_sim__rosidl_typesupport_c
[ 60%] [32mBuilding C object CMakeFiles/xela_sparshskin_sim__rosidl_typesupport_introspection_c.dir/rosidl_typesupport_introspection_c/xela_sparshskin_sim/msg/detail/texel__type_support.c.o[0m
[ 62%] [32mBuilding C object CMakeFiles/xela_sparshskin_sim__rosidl_typesupport_introspection_c.dir/rosidl_typesupport_introspection_c/xela_sparshskin_sim/msg/detail/hand_sensors__type_support.c.o[0m
[ 65%] [32m[1mLinking C shared library libxela_sparshskin_sim__rosidl_typesupport_introspection_c.so[0m
[ 65%] Built target xela_sparshskin_sim__rosidl_typesupport_introspection_c
[ 67%] [32m[1mLinking CXX shared library libxela_sparshskin_sim__rosidl_typesupport_cpp.so[0m
[ 67%] Built target xela_sparshskin_sim__rosidl_typesupport_cpp
[ 69%] [32m[1mLinking CXX shared library libxela_sparshskin_sim__rosidl_typesupport_fastrtps_cpp.so[0m
[ 72%] [32m[1mLinking CXX shared library libxela_sparshskin_sim__rosidl_typesupport_fastrtps_c.so[0m
[ 74%] [32m[1mLinking CXX shared library libxela_sparshskin_sim__rosidl_typesupport_introspection_cpp.so[0m
[ 74%] Built target xela_sparshskin_sim__rosidl_typesupport_fastrtps_cpp
[ 74%] Built target xela_sparshskin_sim__rosidl_typesupport_fastrtps_c
[ 74%] Built target xela_sparshskin_sim__rosidl_typesupport_introspection_cpp
[ 74%] Built target xela_sparshskin_sim
[ 76%] [34m[1mGenerating Python code for ROS interfaces[0m
[ 76%] Built target xela_sparshskin_sim__py
[ 79%] [32mBuilding C object CMakeFiles/xela_sparshskin_sim__rosidl_generator_py.dir/rosidl_generator_py/xela_sparshskin_sim/msg/_texel_s.c.o[0m
[ 81%] [32mBuilding C object CMakeFiles/xela_sparshskin_sim__rosidl_generator_py.dir/rosidl_generator_py/xela_sparshskin_sim/msg/_hand_sensors_s.c.o[0m
[ 83%] [32m[1mLinking C shared library rosidl_generator_py/xela_sparshskin_sim/libxela_sparshskin_sim__rosidl_generator_py.so[0m
[ 83%] Built target xela_sparshskin_sim__rosidl_generator_py
[ 86%] [32mBuilding C object CMakeFiles/xela_sparshskin_sim__rosidl_typesupport_fastrtps_c__pyext.dir/rosidl_generator_py/xela_sparshskin_sim/_xela_sparshskin_sim_s.ep.rosidl_typesupport_fastrtps_c.c.o[0m
[ 88%] [32mBuilding C object CMakeFiles/xela_sparshskin_sim__rosidl_typesupport_introspection_c__pyext.dir/rosidl_generator_py/xela_sparshskin_sim/_xela_sparshskin_sim_s.ep.rosidl_typesupport_introspection_c.c.o[0m
[ 90%] [32mBuilding C object CMakeFiles/xela_sparshskin_sim__rosidl_typesupport_c__pyext.dir/rosidl_generator_py/xela_sparshskin_sim/_xela_sparshskin_sim_s.ep.rosidl_typesupport_c.c.o[0m
[ 95%] [32m[1mLinking C shared library rosidl_generator_py/xela_sparshskin_sim/xela_sparshskin_sim_s__rosidl_typesupport_introspection_c.cpython-310-x86_64-linux-gnu.so[0m
[ 95%] [32m[1mLinking C shared library rosidl_generator_py/xela_sparshskin_sim/xela_sparshskin_sim_s__rosidl_typesupport_c.cpython-310-x86_64-linux-gnu.so[0m
[ 97%] [32m[1mLinking C shared library rosidl_generator_py/xela_sparshskin_sim/xela_sparshskin_sim_s__rosidl_typesupport_fastrtps_c.cpython-310-x86_64-linux-gnu.so[0m
[ 97%] Built target xela_sparshskin_sim__rosidl_typesupport_c__pyext
[ 97%] Built target xela_sparshskin_sim__rosidl_typesupport_introspection_c__pyext
[ 97%] Built target xela_sparshskin_sim__rosidl_typesupport_fastrtps_c__pyext
[100%] [32m[1mLinking CXX executable process_hand_sensors_into_pointcloud[0m
[100%] Built target process_hand_sensors_into_pointcloud
-- Install configuration: ""
-- Installing: /workspace/LeapXELA_Hardware_ws/install/xela_sparshskin_sim/share/ament_index/resource_index/rosidl_interfaces/xela_sparshskin_sim
-- Installing: /workspace/LeapXELA_Hardware_ws/install/xela_sparshskin_sim/include/xela_sparshskin_sim/xela_sparshskin_sim
-- Installing: /workspace/LeapXELA_Hardware_ws/install/xela_sparshskin_sim/include/xela_sparshskin_sim/xela_sparshskin_sim/msg
-- Installing: /workspace/LeapXELA_Hardware_ws/install/xela_sparshskin_sim/include/xela_sparshskin_sim/xela_sparshskin_sim/msg/detail
-- Installing: /workspace/LeapXELA_Hardware_ws/install/xela_sparshskin_sim/include/xela_sparshskin_sim/xela_sparshskin_sim/msg/detail/texel__functions.h
-- Installing: /workspace/LeapXELA_Hardware_ws/install/xela_sparshskin_sim/include/xela_sparshskin_sim/xela_sparshskin_sim/msg/detail/hand_sensors__struct.h
-- Installing: /workspace/LeapXELA_Hardware_ws/install/xela_sparshskin_sim/include/xela_sparshskin_sim/xela_sparshskin_sim/msg/detail/texel__functions.c
-- Installing: /workspace/LeapXELA_Hardware_ws/install/xela_sparshskin_sim/include/xela_sparshskin_sim/xela_sparshskin_sim/msg/detail/hand_sensors__functions.c
-- Installing: /workspace/LeapXELA_Hardware_ws/install/xela_sparshskin_sim/include/xela_sparshskin_sim/xela_sparshskin_sim/msg/detail/hand_sensors__functions.h
-- Installing: /workspace/LeapXELA_Hardware_ws/install/xela_sparshskin_sim/include/xela_sparshskin_sim/xela_sparshskin_sim/msg/detail/hand_sensors__type_support.h
-- Installing: /workspace/LeapXELA_Hardware_ws/install/xela_sparshskin_sim/include/xela_sparshskin_sim/xela_sparshskin_sim/msg/detail/texel__struct.h
-- Installing: /workspace/LeapXELA_Hardware_ws/install/xela_sparshskin_sim/include/xela_sparshskin_sim/xela_sparshskin_sim/msg/detail/texel__type_support.h
-- Installing: /workspace/LeapXELA_Hardware_ws/install/xela_sparshskin_sim/include/xela_sparshskin_sim/xela_sparshskin_sim/msg/hand_sensors.h
-- Installing: /workspace/LeapXELA_Hardware_ws/install/xela_sparshskin_sim/include/xela_sparshskin_sim/xela_sparshskin_sim/msg/texel.h
-- Installing: /workspace/LeapXELA_Hardware_ws/install/xela_sparshskin_sim/include/xela_sparshskin_sim/xela_sparshskin_sim/msg/rosidl_generator_c__visibility_control.h
-- Installing: /workspace/LeapXELA_Hardware_ws/install/xela_sparshskin_sim/share/xela_sparshskin_sim/environment/library_path.sh
-- Installing: /workspace/LeapXELA_Hardware_ws/install/xela_sparshskin_sim/share/xela_sparshskin_sim/environment/library_path.dsv
-- Installing: /workspace/LeapXELA_Hardware_ws/install/xela_sparshskin_sim/lib/libxela_sparshskin_sim__rosidl_generator_c.so
-- Set runtime path of "/workspace/LeapXELA_Hardware_ws/install/xela_sparshskin_sim/lib/libxela_sparshskin_sim__rosidl_generator_c.so" to ""
-- Up-to-date: /workspace/LeapXELA_Hardware_ws/install/xela_sparshskin_sim/include/xela_sparshskin_sim/xela_sparshskin_sim
-- Up-to-date: /workspace/LeapXELA_Hardware_ws/install/xela_sparshskin_sim/include/xela_sparshskin_sim/xela_sparshskin_sim/msg
-- Up-to-date: /workspace/LeapXELA_Hardware_ws/install/xela_sparshskin_sim/include/xela_sparshskin_sim/xela_sparshskin_sim/msg/detail
-- Installing: /workspace/LeapXELA_Hardware_ws/install/xela_sparshskin_sim/include/xela_sparshskin_sim/xela_sparshskin_sim/msg/detail/hand_sensors__rosidl_typesupport_fastrtps_c.h
-- Installing: /workspace/LeapXELA_Hardware_ws/install/xela_sparshskin_sim/include/xela_sparshskin_sim/xela_sparshskin_sim/msg/detail/texel__rosidl_typesupport_fastrtps_c.h
-- Installing: /workspace/LeapXELA_Hardware_ws/install/xela_sparshskin_sim/include/xela_sparshskin_sim/xela_sparshskin_sim/msg/rosidl_typesupport_fastrtps_c__visibility_control.h
-- Installing: /workspace/LeapXELA_Hardware_ws/install/xela_sparshskin_sim/lib/libxela_sparshskin_sim__rosidl_typesupport_fastrtps_c.so
-- Set runtime path of "/workspace/LeapXELA_Hardware_ws/install/xela_sparshskin_sim/lib/libxela_sparshskin_sim__rosidl_typesupport_fastrtps_c.so" to ""
-- Up-to-date: /workspace/LeapXELA_Hardware_ws/install/xela_sparshskin_sim/include/xela_sparshskin_sim/xela_sparshskin_sim
-- Up-to-date: /workspace/LeapXELA_Hardware_ws/install/xela_sparshskin_sim/include/xela_sparshskin_sim/xela_sparshskin_sim/msg
-- Up-to-date: /workspace/LeapXELA_Hardware_ws/install/xela_sparshskin_sim/include/xela_sparshskin_sim/xela_sparshskin_sim/msg/detail
-- Installing: /workspace/LeapXELA_Hardware_ws/install/xela_sparshskin_sim/include/xela_sparshskin_sim/xela_sparshskin_sim/msg/detail/hand_sensors__builder.hpp
-- Installing: /workspace/LeapXELA_Hardware_ws/install/xela_sparshskin_sim/include/xela_sparshskin_sim/xela_sparshskin_sim/msg/detail/texel__traits.hpp
-- Installing: /workspace/LeapXELA_Hardware_ws/install/xela_sparshskin_sim/include/xela_sparshskin_sim/xela_sparshskin_sim/msg/detail/hand_sensors__struct.hpp
-- Installing: /workspace/LeapXELA_Hardware_ws/install/xela_sparshskin_sim/include/xela_sparshskin_sim/xela_sparshskin_sim/msg/detail/hand_sensors__traits.hpp
-- Installing: /workspace/LeapXELA_Hardware_ws/install/xela_sparshskin_sim/include/xela_sparshskin_sim/xela_sparshskin_sim/msg/detail/hand_sensors__type_support.hpp
-- Installing: /workspace/LeapXELA_Hardware_ws/install/xela_sparshskin_sim/include/xela_sparshskin_sim/xela_sparshskin_sim/msg/detail/texel__struct.hpp
-- Installing: /workspace/LeapXELA_Hardware_ws/install/xela_sparshskin_sim/include/xela_sparshskin_sim/xela_sparshskin_sim/msg/detail/texel__builder.hpp
-- Installing: /workspace/LeapXELA_Hardware_ws/install/xela_sparshskin_sim/include/xela_sparshskin_sim/xela_sparshskin_sim/msg/detail/texel__type_support.hpp
-- Installing: /workspace/LeapXELA_Hardware_ws/install/xela_sparshskin_sim/include/xela_sparshskin_sim/xela_sparshskin_sim/msg/hand_sensors.hpp
-- Installing: /workspace/LeapXELA_Hardware_ws/install/xela_sparshskin_sim/include/xela_sparshskin_sim/xela_sparshskin_sim/msg/texel.hpp
-- Installing: /workspace/LeapXELA_Hardware_ws/install/xela_sparshskin_sim/include/xela_sparshskin_sim/xela_sparshskin_sim/msg/rosidl_generator_cpp__visibility_control.hpp
-- Up-to-date: /workspace/LeapXELA_Hardware_ws/install/xela_sparshskin_sim/include/xela_sparshskin_sim/xela_sparshskin_sim
-- Up-to-date: /workspace/LeapXELA_Hardware_ws/install/xela_sparshskin_sim/include/xela_sparshskin_sim/xela_sparshskin_sim/msg
-- Up-to-date: /workspace/LeapXELA_Hardware_ws/install/xela_sparshskin_sim/include/xela_sparshskin_sim/xela_sparshskin_sim/msg/detail
-- Installing: /workspace/LeapXELA_Hardware_ws/install/xela_sparshskin_sim/include/xela_sparshskin_sim/xela_sparshskin_sim/msg/detail/hand_sensors__rosidl_typesupport_fastrtps_cpp.hpp
-- Installing: /workspace/LeapXELA_Hardware_ws/install/xela_sparshskin_sim/include/xela_sparshskin_sim/xela_sparshskin_sim/msg/detail/texel__rosidl_typesupport_fastrtps_cpp.hpp
-- Installing: /workspace/LeapXELA_Hardware_ws/install/xela_sparshskin_sim/include/xela_sparshskin_sim/xela_sparshskin_sim/msg/detail/dds_fastrtps
-- Installing: /workspace/LeapXELA_Hardware_ws/install/xela_sparshskin_sim/include/xela_sparshskin_sim/xela_sparshskin_sim/msg/rosidl_typesupport_fastrtps_cpp__visibility_control.h
-- Installing: /workspace/LeapXELA_Hardware_ws/install/xela_sparshskin_sim/lib/libxela_sparshskin_sim__rosidl_typesupport_fastrtps_cpp.so
-- Set runtime path of "/workspace/LeapXELA_Hardware_ws/install/xela_sparshskin_sim/lib/libxela_sparshskin_sim__rosidl_typesupport_fastrtps_cpp.so" to ""
-- Up-to-date: /workspace/LeapXELA_Hardware_ws/install/xela_sparshskin_sim/include/xela_sparshskin_sim/xela_sparshskin_sim
-- Up-to-date: /workspace/LeapXELA_Hardware_ws/install/xela_sparshskin_sim/include/xela_sparshskin_sim/xela_sparshskin_sim/msg
-- Up-to-date: /workspace/LeapXELA_Hardware_ws/install/xela_sparshskin_sim/include/xela_sparshskin_sim/xela_sparshskin_sim/msg/detail
-- Installing: /workspace/LeapXELA_Hardware_ws/install/xela_sparshskin_sim/include/xela_sparshskin_sim/xela_sparshskin_sim/msg/detail/hand_sensors__type_support.c
-- Installing: /workspace/LeapXELA_Hardware_ws/install/xela_sparshskin_sim/include/xela_sparshskin_sim/xela_sparshskin_sim/msg/detail/texel__rosidl_typesupport_introspection_c.h
-- Installing: /workspace/LeapXELA_Hardware_ws/install/xela_sparshskin_sim/include/xela_sparshskin_sim/xela_sparshskin_sim/msg/detail/texel__type_support.c
-- Installing: /workspace/LeapXELA_Hardware_ws/install/xela_sparshskin_sim/include/xela_sparshskin_sim/xela_sparshskin_sim/msg/detail/hand_sensors__rosidl_typesupport_introspection_c.h
-- Installing: /workspace/LeapXELA_Hardware_ws/install/xela_sparshskin_sim/include/xela_sparshskin_sim/xela_sparshskin_sim/msg/rosidl_typesupport_introspection_c__visibility_control.h
-- Installing: /workspace/LeapXELA_Hardware_ws/install/xela_sparshskin_sim/lib/libxela_sparshskin_sim__rosidl_typesupport_introspection_c.so
-- Set runtime path of "/workspace/LeapXELA_Hardware_ws/install/xela_sparshskin_sim/lib/libxela_sparshskin_sim__rosidl_typesupport_introspection_c.so" to ""
-- Installing: /workspace/LeapXELA_Hardware_ws/install/xela_sparshskin_sim/lib/libxela_sparshskin_sim__rosidl_typesupport_c.so
-- Set runtime path of "/workspace/LeapXELA_Hardware_ws/install/xela_sparshskin_sim/lib/libxela_sparshskin_sim__rosidl_typesupport_c.so" to ""
-- Up-to-date: /workspace/LeapXELA_Hardware_ws/install/xela_sparshskin_sim/include/xela_sparshskin_sim/xela_sparshskin_sim
-- Up-to-date: /workspace/LeapXELA_Hardware_ws/install/xela_sparshskin_sim/include/xela_sparshskin_sim/xela_sparshskin_sim/msg
-- Up-to-date: /workspace/LeapXELA_Hardware_ws/install/xela_sparshskin_sim/include/xela_sparshskin_sim/xela_sparshskin_sim/msg/detail
-- Installing: /workspace/LeapXELA_Hardware_ws/install/xela_sparshskin_sim/include/xela_sparshskin_sim/xela_sparshskin_sim/msg/detail/texel__rosidl_typesupport_introspection_cpp.hpp
-- Installing: /workspace/LeapXELA_Hardware_ws/install/xela_sparshskin_sim/include/xela_sparshskin_sim/xela_sparshskin_sim/msg/detail/texel__type_support.cpp
-- Installing: /workspace/LeapXELA_Hardware_ws/install/xela_sparshskin_sim/include/xela_sparshskin_sim/xela_sparshskin_sim/msg/detail/hand_sensors__type_support.cpp
-- Installing: /workspace/LeapXELA_Hardware_ws/install/xela_sparshskin_sim/include/xela_sparshskin_sim/xela_sparshskin_sim/msg/detail/hand_sensors__rosidl_typesupport_introspection_cpp.hpp
-- Installing: /workspace/LeapXELA_Hardware_ws/install/xela_sparshskin_sim/lib/libxela_sparshskin_sim__rosidl_typesupport_introspection_cpp.so
-- Set runtime path of "/workspace/LeapXELA_Hardware_ws/install/xela_sparshskin_sim/lib/libxela_sparshskin_sim__rosidl_typesupport_introspection_cpp.so" to ""
-- Installing: /workspace/LeapXELA_Hardware_ws/install/xela_sparshskin_sim/lib/libxela_sparshskin_sim__rosidl_typesupport_cpp.so
-- Set runtime path of "/workspace/LeapXELA_Hardware_ws/install/xela_sparshskin_sim/lib/libxela_sparshskin_sim__rosidl_typesupport_cpp.so" to ""
-- Installing: /workspace/LeapXELA_Hardware_ws/install/xela_sparshskin_sim/share/xela_sparshskin_sim/environment/pythonpath.sh
-- Installing: /workspace/LeapXELA_Hardware_ws/install/xela_sparshskin_sim/share/xela_sparshskin_sim/environment/pythonpath.dsv
-- Installing: /workspace/LeapXELA_Hardware_ws/install/xela_sparshskin_sim/local/lib/python3.10/dist-packages/xela_sparshskin_sim-0.0.0-py3.10.egg-info
-- Installing: /workspace/LeapXELA_Hardware_ws/install/xela_sparshskin_sim/local/lib/python3.10/dist-packages/xela_sparshskin_sim-0.0.0-py3.10.egg-info/dependency_links.txt
-- Installing: /workspace/LeapXELA_Hardware_ws/install/xela_sparshskin_sim/local/lib/python3.10/dist-packages/xela_sparshskin_sim-0.0.0-py3.10.egg-info/SOURCES.txt
-- Installing: /workspace/LeapXELA_Hardware_ws/install/xela_sparshskin_sim/local/lib/python3.10/dist-packages/xela_sparshskin_sim-0.0.0-py3.10.egg-info/PKG-INFO
-- Installing: /workspace/LeapXELA_Hardware_ws/install/xela_sparshskin_sim/local/lib/python3.10/dist-packages/xela_sparshskin_sim-0.0.0-py3.10.egg-info/top_level.txt
-- Installing: /workspace/LeapXELA_Hardware_ws/install/xela_sparshskin_sim/local/lib/python3.10/dist-packages/xela_sparshskin_sim
-- Installing: /workspace/LeapXELA_Hardware_ws/install/xela_sparshskin_sim/local/lib/python3.10/dist-packages/xela_sparshskin_sim/__init__.py
-- Installing: /workspace/LeapXELA_Hardware_ws/install/xela_sparshskin_sim/local/lib/python3.10/dist-packages/xela_sparshskin_sim/xela_sparshskin_sim_s__rosidl_typesupport_introspection_c.cpython-310-x86_64-linux-gnu.so
-- Installing: /workspace/LeapXELA_Hardware_ws/install/xela_sparshskin_sim/local/lib/python3.10/dist-packages/xela_sparshskin_sim/xela_sparshskin_sim_s__rosidl_typesupport_fastrtps_c.cpython-310-x86_64-linux-gnu.so
-- Installing: /workspace/LeapXELA_Hardware_ws/install/xela_sparshskin_sim/local/lib/python3.10/dist-packages/xela_sparshskin_sim/_xela_sparshskin_sim_s.ep.rosidl_typesupport_c.c
-- Installing: /workspace/LeapXELA_Hardware_ws/install/xela_sparshskin_sim/local/lib/python3.10/dist-packages/xela_sparshskin_sim/_xela_sparshskin_sim_s.ep.rosidl_typesupport_introspection_c.c
-- Installing: /workspace/LeapXELA_Hardware_ws/install/xela_sparshskin_sim/local/lib/python3.10/dist-packages/xela_sparshskin_sim/xela_sparshskin_sim_s__rosidl_typesupport_c.cpython-310-x86_64-linux-gnu.so
-- Installing: /workspace/LeapXELA_Hardware_ws/install/xela_sparshskin_sim/local/lib/python3.10/dist-packages/xela_sparshskin_sim/_xela_sparshskin_sim_s.ep.rosidl_typesupport_fastrtps_c.c
-- Installing: /workspace/LeapXELA_Hardware_ws/install/xela_sparshskin_sim/local/lib/python3.10/dist-packages/xela_sparshskin_sim/libxela_sparshskin_sim__rosidl_generator_py.so
-- Installing: /workspace/LeapXELA_Hardware_ws/install/xela_sparshskin_sim/local/lib/python3.10/dist-packages/xela_sparshskin_sim/msg
-- Installing: /workspace/LeapXELA_Hardware_ws/install/xela_sparshskin_sim/local/lib/python3.10/dist-packages/xela_sparshskin_sim/msg/__init__.py
-- Installing: /workspace/LeapXELA_Hardware_ws/install/xela_sparshskin_sim/local/lib/python3.10/dist-packages/xela_sparshskin_sim/msg/_hand_sensors_s.c
-- Installing: /workspace/LeapXELA_Hardware_ws/install/xela_sparshskin_sim/local/lib/python3.10/dist-packages/xela_sparshskin_sim/msg/_hand_sensors.py
-- Installing: /workspace/LeapXELA_Hardware_ws/install/xela_sparshskin_sim/local/lib/python3.10/dist-packages/xela_sparshskin_sim/msg/_texel_s.c
-- Installing: /workspace/LeapXELA_Hardware_ws/install/xela_sparshskin_sim/local/lib/python3.10/dist-packages/xela_sparshskin_sim/msg/_texel.py
Listing '/workspace/LeapXELA_Hardware_ws/install/xela_sparshskin_sim/local/lib/python3.10/dist-packages/xela_sparshskin_sim'...
Compiling '/workspace/LeapXELA_Hardware_ws/install/xela_sparshskin_sim/local/lib/python3.10/dist-packages/xela_sparshskin_sim/__init__.py'...
Listing '/workspace/LeapXELA_Hardware_ws/install/xela_sparshskin_sim/local/lib/python3.10/dist-packages/xela_sparshskin_sim/msg'...
Compiling '/workspace/LeapXELA_Hardware_ws/install/xela_sparshskin_sim/local/lib/python3.10/dist-packages/xela_sparshskin_sim/msg/__init__.py'...
Compiling '/workspace/LeapXELA_Hardware_ws/install/xela_sparshskin_sim/local/lib/python3.10/dist-packages/xela_sparshskin_sim/msg/_hand_sensors.py'...
Compiling '/workspace/LeapXELA_Hardware_ws/install/xela_sparshskin_sim/local/lib/python3.10/dist-packages/xela_sparshskin_sim/msg/_texel.py'...
-- Installing: /workspace/LeapXELA_Hardware_ws/install/xela_sparshskin_sim/local/lib/python3.10/dist-packages/xela_sparshskin_sim/xela_sparshskin_sim_s__rosidl_typesupport_fastrtps_c.cpython-310-x86_64-linux-gnu.so
-- Set runtime path of "/workspace/LeapXELA_Hardware_ws/install/xela_sparshskin_sim/local/lib/python3.10/dist-packages/xela_sparshskin_sim/xela_sparshskin_sim_s__rosidl_typesupport_fastrtps_c.cpython-310-x86_64-linux-gnu.so" to ""
-- Installing: /workspace/LeapXELA_Hardware_ws/install/xela_sparshskin_sim/local/lib/python3.10/dist-packages/xela_sparshskin_sim/xela_sparshskin_sim_s__rosidl_typesupport_introspection_c.cpython-310-x86_64-linux-gnu.so
-- Set runtime path of "/workspace/LeapXELA_Hardware_ws/install/xela_sparshskin_sim/local/lib/python3.10/dist-packages/xela_sparshskin_sim/xela_sparshskin_sim_s__rosidl_typesupport_introspection_c.cpython-310-x86_64-linux-gnu.so" to ""
-- Installing: /workspace/LeapXELA_Hardware_ws/install/xela_sparshskin_sim/local/lib/python3.10/dist-packages/xela_sparshskin_sim/xela_sparshskin_sim_s__rosidl_typesupport_c.cpython-310-x86_64-linux-gnu.so
-- Set runtime path of "/workspace/LeapXELA_Hardware_ws/install/xela_sparshskin_sim/local/lib/python3.10/dist-packages/xela_sparshskin_sim/xela_sparshskin_sim_s__rosidl_typesupport_c.cpython-310-x86_64-linux-gnu.so" to ""
-- Installing: /workspace/LeapXELA_Hardware_ws/install/xela_sparshskin_sim/lib/libxela_sparshskin_sim__rosidl_generator_py.so
-- Set runtime path of "/workspace/LeapXELA_Hardware_ws/install/xela_sparshskin_sim/lib/libxela_sparshskin_sim__rosidl_generator_py.so" to ""
-- Installing: /workspace/LeapXELA_Hardware_ws/install/xela_sparshskin_sim/share/ament_index/resource_index/rust_packages/xela_sparshskin_sim
-- Installing: /workspace/LeapXELA_Hardware_ws/install/xela_sparshskin_sim/share/xela_sparshskin_sim/rust
-- Installing: /workspace/LeapXELA_Hardware_ws/install/xela_sparshskin_sim/share/xela_sparshskin_sim/rust/Cargo.toml
-- Installing: /workspace/LeapXELA_Hardware_ws/install/xela_sparshskin_sim/share/xela_sparshskin_sim/rust/src
-- Installing: /workspace/LeapXELA_Hardware_ws/install/xela_sparshskin_sim/share/xela_sparshskin_sim/rust/src/lib.rs
-- Installing: /workspace/LeapXELA_Hardware_ws/install/xela_sparshskin_sim/share/xela_sparshskin_sim/rust/src/msg.rs
-- Installing: /workspace/LeapXELA_Hardware_ws/install/xela_sparshskin_sim/share/xela_sparshskin_sim/rust/src/msg
-- Installing: /workspace/LeapXELA_Hardware_ws/install/xela_sparshskin_sim/share/xela_sparshskin_sim/rust/src/msg/rmw.rs
-- Installing: /workspace/LeapXELA_Hardware_ws/install/xela_sparshskin_sim/share/xela_sparshskin_sim/rust/build.rs
-- Installing: /workspace/LeapXELA_Hardware_ws/install/xela_sparshskin_sim/share/xela_sparshskin_sim/msg/Texel.idl
-- Installing: /workspace/LeapXELA_Hardware_ws/install/xela_sparshskin_sim/share/xela_sparshskin_sim/msg/HandSensors.idl
-- Installing: /workspace/LeapXELA_Hardware_ws/install/xela_sparshskin_sim/share/xela_sparshskin_sim/msg/Texel.msg
-- Installing: /workspace/LeapXELA_Hardware_ws/install/xela_sparshskin_sim/share/xela_sparshskin_sim/msg/HandSensors.msg
-- Installing: /workspace/LeapXELA_Hardware_ws/install/xela_sparshskin_sim/lib/xela_sparshskin_sim/process_hand_sensors_into_pointcloud
-- Set runtime path of "/workspace/LeapXELA_Hardware_ws/install/xela_sparshskin_sim/lib/xela_sparshskin_sim/process_hand_sensors_into_pointcloud" to ""
-- Installing: /workspace/LeapXELA_Hardware_ws/install/xela_sparshskin_sim/lib/xela_sparshskin_sim/hand_controller.py
-- Installing: /workspace/LeapXELA_Hardware_ws/install/xela_sparshskin_sim/lib/xela_sparshskin_sim/hand_touch_point_cloud.py
-- Installing: /workspace/LeapXELA_Hardware_ws/install/xela_sparshskin_sim/lib/xela_sparshskin_sim/leap_taxel_map.py
-- Installing: /workspace/LeapXELA_Hardware_ws/install/xela_sparshskin_sim/lib/xela_sparshskin_sim/sensor_value_publisher_fake.py
-- Installing: /workspace/LeapXELA_Hardware_ws/install/xela_sparshskin_sim/lib/xela_sparshskin_sim/leap_sensor_taxel_map.json
-- Up-to-date: /workspace/LeapXELA_Hardware_ws/install/xela_sparshskin_sim/include/
-- Up-to-date: /workspace/LeapXELA_Hardware_ws/install/xela_sparshskin_sim/include//xela_sparshskin_sim
-- Installing: /workspace/LeapXELA_Hardware_ws/install/xela_sparshskin_sim/include//xela_sparshskin_sim/process_hand_sensors_into_pointcloud.h
-- Installing: /workspace/LeapXELA_Hardware_ws/install/xela_sparshskin_sim/include//xela_sparshskin_sim/camera_control.hpp
-- Installing: /workspace/LeapXELA_Hardware_ws/install/xela_sparshskin_sim/share/xela_sparshskin_sim/launch
-- Installing: /workspace/LeapXELA_Hardware_ws/install/xela_sparshskin_sim/share/ament_index/resource_index/package_run_dependencies/xela_sparshskin_sim
-- Installing: /workspace/LeapXELA_Hardware_ws/install/xela_sparshskin_sim/share/ament_index/resource_index/parent_prefix_path/xela_sparshskin_sim
-- Installing: /workspace/LeapXELA_Hardware_ws/install/xela_sparshskin_sim/share/xela_sparshskin_sim/environment/ament_prefix_path.sh
-- Installing: /workspace/LeapXELA_Hardware_ws/install/xela_sparshskin_sim/share/xela_sparshskin_sim/environment/ament_prefix_path.dsv
-- Installing: /workspace/LeapXELA_Hardware_ws/install/xela_sparshskin_sim/share/xela_sparshskin_sim/environment/path.sh
-- Installing: /workspace/LeapXELA_Hardware_ws/install/xela_sparshskin_sim/share/xela_sparshskin_sim/environment/path.dsv
-- Installing: /workspace/LeapXELA_Hardware_ws/install/xela_sparshskin_sim/share/xela_sparshskin_sim/local_setup.bash
-- Installing: /workspace/LeapXELA_Hardware_ws/install/xela_sparshskin_sim/share/xela_sparshskin_sim/local_setup.sh
-- Installing: /workspace/LeapXELA_Hardware_ws/install/xela_sparshskin_sim/share/xela_sparshskin_sim/local_setup.zsh
-- Installing: /workspace/LeapXELA_Hardware_ws/install/xela_sparshskin_sim/share/xela_sparshskin_sim/local_setup.dsv
-- Installing: /workspace/LeapXELA_Hardware_ws/install/xela_sparshskin_sim/share/xela_sparshskin_sim/package.dsv
-- Installing: /workspace/LeapXELA_Hardware_ws/install/xela_sparshskin_sim/share/ament_index/resource_index/packages/xela_sparshskin_sim
-- Installing: /workspace/LeapXELA_Hardware_ws/install/xela_sparshskin_sim/share/xela_sparshskin_sim/cmake/export_xela_sparshskin_sim__rosidl_generator_cExport.cmake
-- Installing: /workspace/LeapXELA_Hardware_ws/install/xela_sparshskin_sim/share/xela_sparshskin_sim/cmake/export_xela_sparshskin_sim__rosidl_generator_cExport-noconfig.cmake
-- Installing: /workspace/LeapXELA_Hardware_ws/install/xela_sparshskin_sim/share/xela_sparshskin_sim/cmake/export_xela_sparshskin_sim__rosidl_typesupport_fastrtps_cExport.cmake
-- Installing: /workspace/LeapXELA_Hardware_ws/install/xela_sparshskin_sim/share/xela_sparshskin_sim/cmake/export_xela_sparshskin_sim__rosidl_typesupport_fastrtps_cExport-noconfig.cmake
-- Installing: /workspace/LeapXELA_Hardware_ws/install/xela_sparshskin_sim/share/xela_sparshskin_sim/cmake/export_xela_sparshskin_sim__rosidl_generator_cppExport.cmake
-- Installing: /workspace/LeapXELA_Hardware_ws/install/xela_sparshskin_sim/share/xela_sparshskin_sim/cmake/export_xela_sparshskin_sim__rosidl_typesupport_fastrtps_cppExport.cmake
-- Installing: /workspace/LeapXELA_Hardware_ws/install/xela_sparshskin_sim/share/xela_sparshskin_sim/cmake/export_xela_sparshskin_sim__rosidl_typesupport_fastrtps_cppExport-noconfig.cmake
-- Installing: /workspace/LeapXELA_Hardware_ws/install/xela_sparshskin_sim/share/xela_sparshskin_sim/cmake/xela_sparshskin_sim__rosidl_typesupport_introspection_cExport.cmake
-- Installing: /workspace/LeapXELA_Hardware_ws/install/xela_sparshskin_sim/share/xela_sparshskin_sim/cmake/xela_sparshskin_sim__rosidl_typesupport_introspection_cExport-noconfig.cmake
-- Installing: /workspace/LeapXELA_Hardware_ws/install/xela_sparshskin_sim/share/xela_sparshskin_sim/cmake/xela_sparshskin_sim__rosidl_typesupport_cExport.cmake
-- Installing: /workspace/LeapXELA_Hardware_ws/install/xela_sparshskin_sim/share/xela_sparshskin_sim/cmake/xela_sparshskin_sim__rosidl_typesupport_cExport-noconfig.cmake
-- Installing: /workspace/LeapXELA_Hardware_ws/install/xela_sparshskin_sim/share/xela_sparshskin_sim/cmake/xela_sparshskin_sim__rosidl_typesupport_introspection_cppExport.cmake
-- Installing: /workspace/LeapXELA_Hardware_ws/install/xela_sparshskin_sim/share/xela_sparshskin_sim/cmake/xela_sparshskin_sim__rosidl_typesupport_introspection_cppExport-noconfig.cmake
-- Installing: /workspace/LeapXELA_Hardware_ws/install/xela_sparshskin_sim/share/xela_sparshskin_sim/cmake/xela_sparshskin_sim__rosidl_typesupport_cppExport.cmake
-- Installing: /workspace/LeapXELA_Hardware_ws/install/xela_sparshskin_sim/share/xela_sparshskin_sim/cmake/xela_sparshskin_sim__rosidl_typesupport_cppExport-noconfig.cmake
-- Installing: /workspace/LeapXELA_Hardware_ws/install/xela_sparshskin_sim/share/xela_sparshskin_sim/cmake/export_xela_sparshskin_sim__rosidl_generator_pyExport.cmake
-- Installing: /workspace/LeapXELA_Hardware_ws/install/xela_sparshskin_sim/share/xela_sparshskin_sim/cmake/export_xela_sparshskin_sim__rosidl_generator_pyExport-noconfig.cmake
-- Installing: /workspace/LeapXELA_Hardware_ws/install/xela_sparshskin_sim/share/xela_sparshskin_sim/cmake/rosidl_cmake-extras.cmake
-- Installing: /workspace/LeapXELA_Hardware_ws/install/xela_sparshskin_sim/share/xela_sparshskin_sim/cmake/ament_cmake_export_include_directories-extras.cmake
-- Installing: /workspace/LeapXELA_Hardware_ws/install/xela_sparshskin_sim/share/xela_sparshskin_sim/cmake/ament_cmake_export_libraries-extras.cmake
-- Installing: /workspace/LeapXELA_Hardware_ws/install/xela_sparshskin_sim/share/xela_sparshskin_sim/cmake/ament_cmake_export_targets-extras.cmake
-- Installing: /workspace/LeapXELA_Hardware_ws/install/xela_sparshskin_sim/share/xela_sparshskin_sim/cmake/rosidl_cmake_export_typesupport_targets-extras.cmake
-- Installing: /workspace/LeapXELA_Hardware_ws/install/xela_sparshskin_sim/share/xela_sparshskin_sim/cmake/ament_cmake_export_dependencies-extras.cmake
-- Installing: /workspace/LeapXELA_Hardware_ws/install/xela_sparshskin_sim/share/xela_sparshskin_sim/cmake/rosidl_cmake_export_typesupport_libraries-extras.cmake
-- Installing: /workspace/LeapXELA_Hardware_ws/install/xela_sparshskin_sim/share/xela_sparshskin_sim/cmake/xela_sparshskin_simConfig.cmake
-- Installing: /workspace/LeapXELA_Hardware_ws/install/xela_sparshskin_sim/share/xela_sparshskin_sim/cmake/xela_sparshskin_simConfig-version.cmake
-- Installing: /workspace/LeapXELA_Hardware_ws/install/xela_sparshskin_sim/share/xela_sparshskin_sim/package.xml
