[0.017s] Invoking command in '/workspace/LeapXELA_Hardware_ws/build/xela_sparshskin_sim': AMENT_PREFIX_PATH=/workspace/LeapXELA_Hardware_ws/install/xela_description:${AMENT_PREFIX_PATH} CMAKE_PREFIX_PATH=${CMAKE_PREFIX_PATH}:/opt/ros/humble PYTHONPATH=/workspace/LeapXELA_Hardware_ws/install/xela_description/lib/python3.10/site-packages:/opt/ros/humble/lib/python3.10/site-packages:/opt/ros/humble/local/lib/python3.10/dist-packages:/usr/local/lib /usr/bin/cmake /workspace/LeapXELA_Hardware_ws/ros_ws/src/sparse_skin/xela_sparshskin/xela_sparshskin_sim -DCMAKE_INSTALL_PREFIX=/workspace/LeapXELA_Hardware_ws/install/xela_sparshskin_sim
[0.290s] -- The C compiler identification is GNU 11.4.0
[0.467s] -- The CXX compiler identification is GNU 11.4.0
[0.485s] -- Detecting C compiler ABI info
[0.613s] -- Detecting C compiler ABI info - done
[0.626s] -- Check for working C compiler: /usr/bin/cc - skipped
[0.630s] -- Detecting C compile features
[0.631s] -- Detecting C compile features - done
[0.638s] -- Detecting CXX compiler ABI info
[0.776s] -- Detecting CXX compiler ABI info - done
[0.799s] -- Check for working CXX compiler: /usr/bin/c++ - skipped
[0.800s] -- Detecting CXX compile features
[0.801s] -- Detecting CXX compile features - done
[0.814s] -- Found ament_cmake: 1.3.14 (/opt/ros/humble/share/ament_cmake/cmake)
[1.558s] -- Found Python3: /usr/bin/python3 (found version "3.10.12") found components: Interpreter 
[1.759s] -- Found ament_index_cpp: 1.4.1 (/opt/ros/humble/share/ament_index_cpp/cmake)
[1.764s] -- Found rclcpp: 16.0.19 (/opt/ros/humble/share/rclcpp/cmake)
[1.865s] -- Found rosidl_generator_c: 3.1.8 (/opt/ros/humble/share/rosidl_generator_c/cmake)
[1.878s] -- Found rosidl_adapter: 3.1.8 (/opt/ros/humble/share/rosidl_adapter/cmake)
[1.900s] -- Found rosidl_generator_cpp: 3.1.8 (/opt/ros/humble/share/rosidl_generator_cpp/cmake)
[1.935s] -- Using all available rosidl_typesupport_c: rosidl_typesupport_fastrtps_c;rosidl_typesupport_introspection_c
[1.974s] -- Using all available rosidl_typesupport_cpp: rosidl_typesupport_fastrtps_cpp;rosidl_typesupport_introspection_cpp
[2.079s] -- Found rmw_implementation_cmake: 6.1.2 (/opt/ros/humble/share/rmw_implementation_cmake/cmake)
[2.086s] -- Found rmw_fastrtps_cpp: 6.2.10 (/opt/ros/humble/share/rmw_fastrtps_cpp/cmake)
[2.265s] -- Found OpenSSL: /usr/lib/x86_64-linux-gnu/libcrypto.so (found version "3.0.2")  
[2.322s] -- Found FastRTPS: /opt/ros/humble/include  
[2.410s] -- Using RMW implementation 'rmw_fastrtps_cpp' as default
[2.434s] -- Looking for pthread.h
[2.563s] -- Looking for pthread.h - found
[2.564s] -- Performing Test CMAKE_HAVE_LIBC_PTHREAD
[2.693s] -- Performing Test CMAKE_HAVE_LIBC_PTHREAD - Success
[2.694s] -- Found Threads: TRUE  
[2.820s] -- Found rosidl_default_generators: 1.2.1 (/opt/ros/humble/share/rosidl_default_generators/cmake)
[2.851s] -- Found sensor_msgs: 4.9.1 (/opt/ros/humble/share/sensor_msgs/cmake)
[2.932s] [33mCMake Warning (dev) at /usr/share/cmake-3.22/Modules/FindOpenGL.cmake:315 (message):
[2.932s]   Policy CMP0072 is not set: FindOpenGL prefers GLVND by default when
[2.932s]   available.  Run "cmake --help-policy CMP0072" for policy details.  Use the
[2.932s]   cmake_policy command to set the policy and suppress this warning.
[2.932s] 
[2.932s]   FindOpenGL found both a legacy GL library:
[2.932s] 
[2.932s]     OPENGL_gl_LIBRARY: /usr/lib/x86_64-linux-gnu/libGL.so
[2.932s] 
[2.932s]   and GLVND libraries for OpenGL and GLX:
[2.932s] 
[2.933s]     OPENGL_opengl_LIBRARY: /usr/lib/x86_64-linux-gnu/libOpenGL.so
[2.933s]     OPENGL_glx_LIBRARY: /usr/lib/x86_64-linux-gnu/libGLX.so
[2.933s] 
[2.933s]   OpenGL_GL_PREFERENCE has not been set to "GLVND" or "LEGACY", so for
[2.933s]   compatibility with CMake 3.10 and below the legacy GL library will be used.
[2.933s] Call Stack (most recent call first):
[2.933s]   CMakeLists.txt:14 (find_package)
[2.933s] This warning is for project developers.  Use -Wno-dev to suppress it.
[2.933s] [0m
[2.933s] -- Found OpenGL: /usr/lib/x86_64-linux-gnu/libOpenGL.so   
[3.473s] -- Found ament_cmake_ros: 0.10.0 (/opt/ros/humble/share/ament_cmake_ros/cmake)
[4.166s] -- Using all available rosidl_typesupport_c: rosidl_typesupport_fastrtps_c;rosidl_typesupport_introspection_c
[4.430s] -- Using all available rosidl_typesupport_cpp: rosidl_typesupport_fastrtps_cpp;rosidl_typesupport_introspection_cpp
[4.486s] -- Found PythonInterp: /usr/bin/python3 (found suitable version "3.10.12", minimum required is "3.6") 
[4.491s] -- Found python_cmake_module: 0.10.0 (/opt/ros/humble/share/python_cmake_module/cmake)
[4.552s] -- Found PythonLibs: /usr/lib/x86_64-linux-gnu/libpython3.10.so (found suitable version "3.10.12", minimum required is "3.5") 
[4.552s] -- Using PYTHON_EXECUTABLE: /usr/bin/python3
[4.552s] -- Using PYTHON_INCLUDE_DIRS: /usr/include/python3.10
[4.552s] -- Using PYTHON_LIBRARIES: /usr/lib/x86_64-linux-gnu/libpython3.10.so
[4.606s] -- Found PythonExtra: .so  
[4.836s] -- Configuring done
[4.897s] -- Generating done
[4.918s] -- Build files have been written to: /workspace/LeapXELA_Hardware_ws/build/xela_sparshskin_sim
[4.935s] Invoked command in '/workspace/LeapXELA_Hardware_ws/build/xela_sparshskin_sim' returned '0': AMENT_PREFIX_PATH=/workspace/LeapXELA_Hardware_ws/install/xela_description:${AMENT_PREFIX_PATH} CMAKE_PREFIX_PATH=${CMAKE_PREFIX_PATH}:/opt/ros/humble PYTHONPATH=/workspace/LeapXELA_Hardware_ws/install/xela_description/lib/python3.10/site-packages:/opt/ros/humble/lib/python3.10/site-packages:/opt/ros/humble/local/lib/python3.10/dist-packages:/usr/local/lib /usr/bin/cmake /workspace/LeapXELA_Hardware_ws/ros_ws/src/sparse_skin/xela_sparshskin/xela_sparshskin_sim -DCMAKE_INSTALL_PREFIX=/workspace/LeapXELA_Hardware_ws/install/xela_sparshskin_sim
[4.939s] Invoking command in '/workspace/LeapXELA_Hardware_ws/build/xela_sparshskin_sim': AMENT_PREFIX_PATH=/workspace/LeapXELA_Hardware_ws/install/xela_description:${AMENT_PREFIX_PATH} CMAKE_PREFIX_PATH=${CMAKE_PREFIX_PATH}:/opt/ros/humble PYTHONPATH=/workspace/LeapXELA_Hardware_ws/install/xela_description/lib/python3.10/site-packages:/opt/ros/humble/lib/python3.10/site-packages:/opt/ros/humble/local/lib/python3.10/dist-packages:/usr/local/lib /usr/bin/cmake --build /workspace/LeapXELA_Hardware_ws/build/xela_sparshskin_sim -- -j16 -l16
[5.008s] [  2%] [34m[1mGenerating C code for ROS interfaces[0m
[5.023s] [  4%] [34m[1mGenerating Rust code for ROS interfaces[0m
[5.023s] [  6%] [34m[1mGenerating C++ code for ROS interfaces[0m
[5.024s] [  9%] [32mBuilding CXX object CMakeFiles/process_hand_sensors_into_pointcloud.dir/src/process_hand_sensors_into_pointcloud.cc.o[0m
[5.024s] [ 11%] [32mBuilding CXX object CMakeFiles/process_hand_sensors_into_pointcloud.dir/src/camera_control.cc.o[0m
[5.038s] [ 11%] Built target ament_cmake_python_copy_xela_sparshskin_sim
[5.406s] [ 11%] Built target xela_sparshskin_sim__rs
[5.467s] running egg_info
[5.501s] [ 11%] Built target xela_sparshskin_sim__cpp
[5.502s] [ 16%] [32mBuilding C object CMakeFiles/xela_sparshskin_sim__rosidl_generator_c.dir/rosidl_generator_c/xela_sparshskin_sim/msg/detail/hand_sensors__functions.c.o[0m
[5.502s] [ 16%] [32mBuilding C object CMakeFiles/xela_sparshskin_sim__rosidl_generator_c.dir/rosidl_generator_c/xela_sparshskin_sim/msg/detail/texel__functions.c.o[0m
[5.505s] creating xela_sparshskin_sim.egg-info
[5.505s] writing xela_sparshskin_sim.egg-info/PKG-INFO
[5.506s] writing dependency_links to xela_sparshskin_sim.egg-info/dependency_links.txt
[5.506s] writing top-level names to xela_sparshskin_sim.egg-info/top_level.txt
[5.506s] writing manifest file 'xela_sparshskin_sim.egg-info/SOURCES.txt'
[5.516s] [ 18%] [34m[1mGenerating C++ introspection for ROS interfaces[0m
[5.516s] [ 20%] [34m[1mGenerating C++ type support dispatch for ROS interfaces[0m
[5.517s] [ 23%] [34m[1mGenerating C++ type support for eProsima Fast-RTPS[0m
[5.587s] [ 25%] [32m[1mLinking C shared library libxela_sparshskin_sim__rosidl_generator_c.so[0m
[5.622s] reading manifest file 'xela_sparshskin_sim.egg-info/SOURCES.txt'
[5.624s] writing manifest file 'xela_sparshskin_sim.egg-info/SOURCES.txt'
[5.651s] [ 25%] Built target xela_sparshskin_sim__rosidl_generator_c
[5.667s] [ 27%] [34m[1mGenerating C type support for eProsima Fast-RTPS[0m
[5.668s] [ 32%] [34m[1mGenerating C type support dispatch for ROS interfaces[0m
[5.668s] [ 32%] [34m[1mGenerating C introspection for ROS interfaces[0m
[5.681s] [ 32%] Built target ament_cmake_python_build_xela_sparshskin_sim_egg
[5.932s] [ 34%] [32mBuilding CXX object CMakeFiles/xela_sparshskin_sim__rosidl_typesupport_cpp.dir/rosidl_typesupport_cpp/xela_sparshskin_sim/msg/texel__type_support.cpp.o[0m
[5.933s] [ 37%] [32mBuilding CXX object CMakeFiles/xela_sparshskin_sim__rosidl_typesupport_cpp.dir/rosidl_typesupport_cpp/xela_sparshskin_sim/msg/hand_sensors__type_support.cpp.o[0m
[5.948s] [ 39%] [32mBuilding CXX object CMakeFiles/xela_sparshskin_sim__rosidl_typesupport_introspection_cpp.dir/rosidl_typesupport_introspection_cpp/xela_sparshskin_sim/msg/detail/texel__type_support.cpp.o[0m
[5.948s] [ 41%] [32mBuilding CXX object CMakeFiles/xela_sparshskin_sim__rosidl_typesupport_introspection_cpp.dir/rosidl_typesupport_introspection_cpp/xela_sparshskin_sim/msg/detail/hand_sensors__type_support.cpp.o[0m
[6.016s] [ 44%] [32mBuilding CXX object CMakeFiles/xela_sparshskin_sim__rosidl_typesupport_fastrtps_cpp.dir/rosidl_typesupport_fastrtps_cpp/xela_sparshskin_sim/msg/detail/dds_fastrtps/texel__type_support.cpp.o[0m
[6.022s] [ 46%] [32mBuilding CXX object CMakeFiles/xela_sparshskin_sim__rosidl_typesupport_fastrtps_cpp.dir/rosidl_typesupport_fastrtps_cpp/xela_sparshskin_sim/msg/detail/dds_fastrtps/hand_sensors__type_support.cpp.o[0m
[6.081s] [ 48%] [32mBuilding CXX object CMakeFiles/xela_sparshskin_sim__rosidl_typesupport_c.dir/rosidl_typesupport_c/xela_sparshskin_sim/msg/texel__type_support.cpp.o[0m
[6.081s] [ 51%] [32mBuilding CXX object CMakeFiles/xela_sparshskin_sim__rosidl_typesupport_c.dir/rosidl_typesupport_c/xela_sparshskin_sim/msg/hand_sensors__type_support.cpp.o[0m
[6.136s] [ 53%] [32m[1mLinking CXX shared library libxela_sparshskin_sim__rosidl_typesupport_c.so[0m
[6.166s] [ 55%] [32mBuilding CXX object CMakeFiles/xela_sparshskin_sim__rosidl_typesupport_fastrtps_c.dir/rosidl_typesupport_fastrtps_c/xela_sparshskin_sim/msg/detail/texel__type_support_c.cpp.o[0m
[6.172s] [ 58%] [32mBuilding CXX object CMakeFiles/xela_sparshskin_sim__rosidl_typesupport_fastrtps_c.dir/rosidl_typesupport_fastrtps_c/xela_sparshskin_sim/msg/detail/hand_sensors__type_support_c.cpp.o[0m
[6.213s] [ 58%] Built target xela_sparshskin_sim__rosidl_typesupport_c
[6.214s] [ 60%] [32mBuilding C object CMakeFiles/xela_sparshskin_sim__rosidl_typesupport_introspection_c.dir/rosidl_typesupport_introspection_c/xela_sparshskin_sim/msg/detail/texel__type_support.c.o[0m
[6.219s] [ 62%] [32mBuilding C object CMakeFiles/xela_sparshskin_sim__rosidl_typesupport_introspection_c.dir/rosidl_typesupport_introspection_c/xela_sparshskin_sim/msg/detail/hand_sensors__type_support.c.o[0m
[6.279s] [ 65%] [32m[1mLinking C shared library libxela_sparshskin_sim__rosidl_typesupport_introspection_c.so[0m
[6.328s] [ 65%] Built target xela_sparshskin_sim__rosidl_typesupport_introspection_c
[6.540s] [ 67%] [32m[1mLinking CXX shared library libxela_sparshskin_sim__rosidl_typesupport_cpp.so[0m
[6.606s] [ 67%] Built target xela_sparshskin_sim__rosidl_typesupport_cpp
[6.818s] [ 69%] [32m[1mLinking CXX shared library libxela_sparshskin_sim__rosidl_typesupport_fastrtps_cpp.so[0m
[6.822s] [ 72%] [32m[1mLinking CXX shared library libxela_sparshskin_sim__rosidl_typesupport_fastrtps_c.so[0m
[6.822s] [ 74%] [32m[1mLinking CXX shared library libxela_sparshskin_sim__rosidl_typesupport_introspection_cpp.so[0m
[6.940s] [ 74%] Built target xela_sparshskin_sim__rosidl_typesupport_fastrtps_cpp
[6.942s] [ 74%] Built target xela_sparshskin_sim__rosidl_typesupport_fastrtps_c
[6.943s] [ 74%] Built target xela_sparshskin_sim__rosidl_typesupport_introspection_cpp
[6.975s] [ 74%] Built target xela_sparshskin_sim
[7.008s] [ 76%] [34m[1mGenerating Python code for ROS interfaces[0m
[7.612s] [ 76%] Built target xela_sparshskin_sim__py
[7.645s] [ 79%] [32mBuilding C object CMakeFiles/xela_sparshskin_sim__rosidl_generator_py.dir/rosidl_generator_py/xela_sparshskin_sim/msg/_texel_s.c.o[0m
[7.645s] [ 81%] [32mBuilding C object CMakeFiles/xela_sparshskin_sim__rosidl_generator_py.dir/rosidl_generator_py/xela_sparshskin_sim/msg/_hand_sensors_s.c.o[0m
[7.854s] [ 83%] [32m[1mLinking C shared library rosidl_generator_py/xela_sparshskin_sim/libxela_sparshskin_sim__rosidl_generator_py.so[0m
[7.920s] [ 83%] Built target xela_sparshskin_sim__rosidl_generator_py
[7.952s] [ 86%] [32mBuilding C object CMakeFiles/xela_sparshskin_sim__rosidl_typesupport_fastrtps_c__pyext.dir/rosidl_generator_py/xela_sparshskin_sim/_xela_sparshskin_sim_s.ep.rosidl_typesupport_fastrtps_c.c.o[0m
[7.952s] [ 88%] [32mBuilding C object CMakeFiles/xela_sparshskin_sim__rosidl_typesupport_introspection_c__pyext.dir/rosidl_generator_py/xela_sparshskin_sim/_xela_sparshskin_sim_s.ep.rosidl_typesupport_introspection_c.c.o[0m
[7.953s] [ 90%] [32mBuilding C object CMakeFiles/xela_sparshskin_sim__rosidl_typesupport_c__pyext.dir/rosidl_generator_py/xela_sparshskin_sim/_xela_sparshskin_sim_s.ep.rosidl_typesupport_c.c.o[0m
[8.102s] [ 95%] [32m[1mLinking C shared library rosidl_generator_py/xela_sparshskin_sim/xela_sparshskin_sim_s__rosidl_typesupport_introspection_c.cpython-310-x86_64-linux-gnu.so[0m
[8.102s] [ 95%] [32m[1mLinking C shared library rosidl_generator_py/xela_sparshskin_sim/xela_sparshskin_sim_s__rosidl_typesupport_c.cpython-310-x86_64-linux-gnu.so[0m
[8.103s] [ 97%] [32m[1mLinking C shared library rosidl_generator_py/xela_sparshskin_sim/xela_sparshskin_sim_s__rosidl_typesupport_fastrtps_c.cpython-310-x86_64-linux-gnu.so[0m
[8.152s] [ 97%] Built target xela_sparshskin_sim__rosidl_typesupport_c__pyext
[8.153s] [ 97%] Built target xela_sparshskin_sim__rosidl_typesupport_introspection_c__pyext
[8.153s] [ 97%] Built target xela_sparshskin_sim__rosidl_typesupport_fastrtps_c__pyext
[20.731s] [100%] [32m[1mLinking CXX executable process_hand_sensors_into_pointcloud[0m
[21.534s] [100%] Built target process_hand_sensors_into_pointcloud
[21.555s] Invoked command in '/workspace/LeapXELA_Hardware_ws/build/xela_sparshskin_sim' returned '0': AMENT_PREFIX_PATH=/workspace/LeapXELA_Hardware_ws/install/xela_description:${AMENT_PREFIX_PATH} CMAKE_PREFIX_PATH=${CMAKE_PREFIX_PATH}:/opt/ros/humble PYTHONPATH=/workspace/LeapXELA_Hardware_ws/install/xela_description/lib/python3.10/site-packages:/opt/ros/humble/lib/python3.10/site-packages:/opt/ros/humble/local/lib/python3.10/dist-packages:/usr/local/lib /usr/bin/cmake --build /workspace/LeapXELA_Hardware_ws/build/xela_sparshskin_sim -- -j16 -l16
[21.574s] Invoking command in '/workspace/LeapXELA_Hardware_ws/build/xela_sparshskin_sim': AMENT_PREFIX_PATH=/workspace/LeapXELA_Hardware_ws/install/xela_description:${AMENT_PREFIX_PATH} CMAKE_PREFIX_PATH=${CMAKE_PREFIX_PATH}:/opt/ros/humble PYTHONPATH=/workspace/LeapXELA_Hardware_ws/install/xela_description/lib/python3.10/site-packages:/opt/ros/humble/lib/python3.10/site-packages:/opt/ros/humble/local/lib/python3.10/dist-packages:/usr/local/lib /usr/bin/cmake --install /workspace/LeapXELA_Hardware_ws/build/xela_sparshskin_sim
[21.586s] -- Install configuration: ""
[21.586s] -- Installing: /workspace/LeapXELA_Hardware_ws/install/xela_sparshskin_sim/share/ament_index/resource_index/rosidl_interfaces/xela_sparshskin_sim
[21.586s] -- Installing: /workspace/LeapXELA_Hardware_ws/install/xela_sparshskin_sim/include/xela_sparshskin_sim/xela_sparshskin_sim
[21.586s] -- Installing: /workspace/LeapXELA_Hardware_ws/install/xela_sparshskin_sim/include/xela_sparshskin_sim/xela_sparshskin_sim/msg
[21.586s] -- Installing: /workspace/LeapXELA_Hardware_ws/install/xela_sparshskin_sim/include/xela_sparshskin_sim/xela_sparshskin_sim/msg/detail
[21.586s] -- Installing: /workspace/LeapXELA_Hardware_ws/install/xela_sparshskin_sim/include/xela_sparshskin_sim/xela_sparshskin_sim/msg/detail/texel__functions.h
[21.587s] -- Installing: /workspace/LeapXELA_Hardware_ws/install/xela_sparshskin_sim/include/xela_sparshskin_sim/xela_sparshskin_sim/msg/detail/hand_sensors__struct.h
[21.587s] -- Installing: /workspace/LeapXELA_Hardware_ws/install/xela_sparshskin_sim/include/xela_sparshskin_sim/xela_sparshskin_sim/msg/detail/texel__functions.c
[21.587s] -- Installing: /workspace/LeapXELA_Hardware_ws/install/xela_sparshskin_sim/include/xela_sparshskin_sim/xela_sparshskin_sim/msg/detail/hand_sensors__functions.c
[21.587s] -- Installing: /workspace/LeapXELA_Hardware_ws/install/xela_sparshskin_sim/include/xela_sparshskin_sim/xela_sparshskin_sim/msg/detail/hand_sensors__functions.h
[21.587s] -- Installing: /workspace/LeapXELA_Hardware_ws/install/xela_sparshskin_sim/include/xela_sparshskin_sim/xela_sparshskin_sim/msg/detail/hand_sensors__type_support.h
[21.587s] -- Installing: /workspace/LeapXELA_Hardware_ws/install/xela_sparshskin_sim/include/xela_sparshskin_sim/xela_sparshskin_sim/msg/detail/texel__struct.h
[21.587s] -- Installing: /workspace/LeapXELA_Hardware_ws/install/xela_sparshskin_sim/include/xela_sparshskin_sim/xela_sparshskin_sim/msg/detail/texel__type_support.h
[21.588s] -- Installing: /workspace/LeapXELA_Hardware_ws/install/xela_sparshskin_sim/include/xela_sparshskin_sim/xela_sparshskin_sim/msg/hand_sensors.h
[21.588s] -- Installing: /workspace/LeapXELA_Hardware_ws/install/xela_sparshskin_sim/include/xela_sparshskin_sim/xela_sparshskin_sim/msg/texel.h
[21.588s] -- Installing: /workspace/LeapXELA_Hardware_ws/install/xela_sparshskin_sim/include/xela_sparshskin_sim/xela_sparshskin_sim/msg/rosidl_generator_c__visibility_control.h
[21.588s] -- Installing: /workspace/LeapXELA_Hardware_ws/install/xela_sparshskin_sim/share/xela_sparshskin_sim/environment/library_path.sh
[21.588s] -- Installing: /workspace/LeapXELA_Hardware_ws/install/xela_sparshskin_sim/share/xela_sparshskin_sim/environment/library_path.dsv
[21.588s] -- Installing: /workspace/LeapXELA_Hardware_ws/install/xela_sparshskin_sim/lib/libxela_sparshskin_sim__rosidl_generator_c.so
[21.589s] -- Set runtime path of "/workspace/LeapXELA_Hardware_ws/install/xela_sparshskin_sim/lib/libxela_sparshskin_sim__rosidl_generator_c.so" to ""
[21.589s] -- Up-to-date: /workspace/LeapXELA_Hardware_ws/install/xela_sparshskin_sim/include/xela_sparshskin_sim/xela_sparshskin_sim
[21.589s] -- Up-to-date: /workspace/LeapXELA_Hardware_ws/install/xela_sparshskin_sim/include/xela_sparshskin_sim/xela_sparshskin_sim/msg
[21.589s] -- Up-to-date: /workspace/LeapXELA_Hardware_ws/install/xela_sparshskin_sim/include/xela_sparshskin_sim/xela_sparshskin_sim/msg/detail
[21.590s] -- Installing: /workspace/LeapXELA_Hardware_ws/install/xela_sparshskin_sim/include/xela_sparshskin_sim/xela_sparshskin_sim/msg/detail/hand_sensors__rosidl_typesupport_fastrtps_c.h
[21.590s] -- Installing: /workspace/LeapXELA_Hardware_ws/install/xela_sparshskin_sim/include/xela_sparshskin_sim/xela_sparshskin_sim/msg/detail/texel__rosidl_typesupport_fastrtps_c.h
[21.590s] -- Installing: /workspace/LeapXELA_Hardware_ws/install/xela_sparshskin_sim/include/xela_sparshskin_sim/xela_sparshskin_sim/msg/rosidl_typesupport_fastrtps_c__visibility_control.h
[21.590s] -- Installing: /workspace/LeapXELA_Hardware_ws/install/xela_sparshskin_sim/lib/libxela_sparshskin_sim__rosidl_typesupport_fastrtps_c.so
[21.590s] -- Set runtime path of "/workspace/LeapXELA_Hardware_ws/install/xela_sparshskin_sim/lib/libxela_sparshskin_sim__rosidl_typesupport_fastrtps_c.so" to ""
[21.590s] -- Up-to-date: /workspace/LeapXELA_Hardware_ws/install/xela_sparshskin_sim/include/xela_sparshskin_sim/xela_sparshskin_sim
[21.591s] -- Up-to-date: /workspace/LeapXELA_Hardware_ws/install/xela_sparshskin_sim/include/xela_sparshskin_sim/xela_sparshskin_sim/msg
[21.591s] -- Up-to-date: /workspace/LeapXELA_Hardware_ws/install/xela_sparshskin_sim/include/xela_sparshskin_sim/xela_sparshskin_sim/msg/detail
[21.591s] -- Installing: /workspace/LeapXELA_Hardware_ws/install/xela_sparshskin_sim/include/xela_sparshskin_sim/xela_sparshskin_sim/msg/detail/hand_sensors__builder.hpp
[21.591s] -- Installing: /workspace/LeapXELA_Hardware_ws/install/xela_sparshskin_sim/include/xela_sparshskin_sim/xela_sparshskin_sim/msg/detail/texel__traits.hpp
[21.591s] -- Installing: /workspace/LeapXELA_Hardware_ws/install/xela_sparshskin_sim/include/xela_sparshskin_sim/xela_sparshskin_sim/msg/detail/hand_sensors__struct.hpp
[21.591s] -- Installing: /workspace/LeapXELA_Hardware_ws/install/xela_sparshskin_sim/include/xela_sparshskin_sim/xela_sparshskin_sim/msg/detail/hand_sensors__traits.hpp
[21.591s] -- Installing: /workspace/LeapXELA_Hardware_ws/install/xela_sparshskin_sim/include/xela_sparshskin_sim/xela_sparshskin_sim/msg/detail/hand_sensors__type_support.hpp
[21.591s] -- Installing: /workspace/LeapXELA_Hardware_ws/install/xela_sparshskin_sim/include/xela_sparshskin_sim/xela_sparshskin_sim/msg/detail/texel__struct.hpp
[21.592s] -- Installing: /workspace/LeapXELA_Hardware_ws/install/xela_sparshskin_sim/include/xela_sparshskin_sim/xela_sparshskin_sim/msg/detail/texel__builder.hpp
[21.592s] -- Installing: /workspace/LeapXELA_Hardware_ws/install/xela_sparshskin_sim/include/xela_sparshskin_sim/xela_sparshskin_sim/msg/detail/texel__type_support.hpp
[21.592s] -- Installing: /workspace/LeapXELA_Hardware_ws/install/xela_sparshskin_sim/include/xela_sparshskin_sim/xela_sparshskin_sim/msg/hand_sensors.hpp
[21.592s] -- Installing: /workspace/LeapXELA_Hardware_ws/install/xela_sparshskin_sim/include/xela_sparshskin_sim/xela_sparshskin_sim/msg/texel.hpp
[21.592s] -- Installing: /workspace/LeapXELA_Hardware_ws/install/xela_sparshskin_sim/include/xela_sparshskin_sim/xela_sparshskin_sim/msg/rosidl_generator_cpp__visibility_control.hpp
[21.592s] -- Up-to-date: /workspace/LeapXELA_Hardware_ws/install/xela_sparshskin_sim/include/xela_sparshskin_sim/xela_sparshskin_sim
[21.592s] -- Up-to-date: /workspace/LeapXELA_Hardware_ws/install/xela_sparshskin_sim/include/xela_sparshskin_sim/xela_sparshskin_sim/msg
[21.592s] -- Up-to-date: /workspace/LeapXELA_Hardware_ws/install/xela_sparshskin_sim/include/xela_sparshskin_sim/xela_sparshskin_sim/msg/detail
[21.592s] -- Installing: /workspace/LeapXELA_Hardware_ws/install/xela_sparshskin_sim/include/xela_sparshskin_sim/xela_sparshskin_sim/msg/detail/hand_sensors__rosidl_typesupport_fastrtps_cpp.hpp
[21.593s] -- Installing: /workspace/LeapXELA_Hardware_ws/install/xela_sparshskin_sim/include/xela_sparshskin_sim/xela_sparshskin_sim/msg/detail/texel__rosidl_typesupport_fastrtps_cpp.hpp
[21.593s] -- Installing: /workspace/LeapXELA_Hardware_ws/install/xela_sparshskin_sim/include/xela_sparshskin_sim/xela_sparshskin_sim/msg/detail/dds_fastrtps
[21.593s] -- Installing: /workspace/LeapXELA_Hardware_ws/install/xela_sparshskin_sim/include/xela_sparshskin_sim/xela_sparshskin_sim/msg/rosidl_typesupport_fastrtps_cpp__visibility_control.h
[21.593s] -- Installing: /workspace/LeapXELA_Hardware_ws/install/xela_sparshskin_sim/lib/libxela_sparshskin_sim__rosidl_typesupport_fastrtps_cpp.so
[21.593s] -- Set runtime path of "/workspace/LeapXELA_Hardware_ws/install/xela_sparshskin_sim/lib/libxela_sparshskin_sim__rosidl_typesupport_fastrtps_cpp.so" to ""
[21.593s] -- Up-to-date: /workspace/LeapXELA_Hardware_ws/install/xela_sparshskin_sim/include/xela_sparshskin_sim/xela_sparshskin_sim
[21.593s] -- Up-to-date: /workspace/LeapXELA_Hardware_ws/install/xela_sparshskin_sim/include/xela_sparshskin_sim/xela_sparshskin_sim/msg
[21.594s] -- Up-to-date: /workspace/LeapXELA_Hardware_ws/install/xela_sparshskin_sim/include/xela_sparshskin_sim/xela_sparshskin_sim/msg/detail
[21.594s] -- Installing: /workspace/LeapXELA_Hardware_ws/install/xela_sparshskin_sim/include/xela_sparshskin_sim/xela_sparshskin_sim/msg/detail/hand_sensors__type_support.c
[21.594s] -- Installing: /workspace/LeapXELA_Hardware_ws/install/xela_sparshskin_sim/include/xela_sparshskin_sim/xela_sparshskin_sim/msg/detail/texel__rosidl_typesupport_introspection_c.h
[21.594s] -- Installing: /workspace/LeapXELA_Hardware_ws/install/xela_sparshskin_sim/include/xela_sparshskin_sim/xela_sparshskin_sim/msg/detail/texel__type_support.c
[21.594s] -- Installing: /workspace/LeapXELA_Hardware_ws/install/xela_sparshskin_sim/include/xela_sparshskin_sim/xela_sparshskin_sim/msg/detail/hand_sensors__rosidl_typesupport_introspection_c.h
[21.594s] -- Installing: /workspace/LeapXELA_Hardware_ws/install/xela_sparshskin_sim/include/xela_sparshskin_sim/xela_sparshskin_sim/msg/rosidl_typesupport_introspection_c__visibility_control.h
[21.594s] -- Installing: /workspace/LeapXELA_Hardware_ws/install/xela_sparshskin_sim/lib/libxela_sparshskin_sim__rosidl_typesupport_introspection_c.so
[21.595s] -- Set runtime path of "/workspace/LeapXELA_Hardware_ws/install/xela_sparshskin_sim/lib/libxela_sparshskin_sim__rosidl_typesupport_introspection_c.so" to ""
[21.595s] -- Installing: /workspace/LeapXELA_Hardware_ws/install/xela_sparshskin_sim/lib/libxela_sparshskin_sim__rosidl_typesupport_c.so
[21.595s] -- Set runtime path of "/workspace/LeapXELA_Hardware_ws/install/xela_sparshskin_sim/lib/libxela_sparshskin_sim__rosidl_typesupport_c.so" to ""
[21.595s] -- Up-to-date: /workspace/LeapXELA_Hardware_ws/install/xela_sparshskin_sim/include/xela_sparshskin_sim/xela_sparshskin_sim
[21.595s] -- Up-to-date: /workspace/LeapXELA_Hardware_ws/install/xela_sparshskin_sim/include/xela_sparshskin_sim/xela_sparshskin_sim/msg
[21.596s] -- Up-to-date: /workspace/LeapXELA_Hardware_ws/install/xela_sparshskin_sim/include/xela_sparshskin_sim/xela_sparshskin_sim/msg/detail
[21.596s] -- Installing: /workspace/LeapXELA_Hardware_ws/install/xela_sparshskin_sim/include/xela_sparshskin_sim/xela_sparshskin_sim/msg/detail/texel__rosidl_typesupport_introspection_cpp.hpp
[21.596s] -- Installing: /workspace/LeapXELA_Hardware_ws/install/xela_sparshskin_sim/include/xela_sparshskin_sim/xela_sparshskin_sim/msg/detail/texel__type_support.cpp
[21.596s] -- Installing: /workspace/LeapXELA_Hardware_ws/install/xela_sparshskin_sim/include/xela_sparshskin_sim/xela_sparshskin_sim/msg/detail/hand_sensors__type_support.cpp
[21.596s] -- Installing: /workspace/LeapXELA_Hardware_ws/install/xela_sparshskin_sim/include/xela_sparshskin_sim/xela_sparshskin_sim/msg/detail/hand_sensors__rosidl_typesupport_introspection_cpp.hpp
[21.596s] -- Installing: /workspace/LeapXELA_Hardware_ws/install/xela_sparshskin_sim/lib/libxela_sparshskin_sim__rosidl_typesupport_introspection_cpp.so
[21.596s] -- Set runtime path of "/workspace/LeapXELA_Hardware_ws/install/xela_sparshskin_sim/lib/libxela_sparshskin_sim__rosidl_typesupport_introspection_cpp.so" to ""
[21.597s] -- Installing: /workspace/LeapXELA_Hardware_ws/install/xela_sparshskin_sim/lib/libxela_sparshskin_sim__rosidl_typesupport_cpp.so
[21.597s] -- Set runtime path of "/workspace/LeapXELA_Hardware_ws/install/xela_sparshskin_sim/lib/libxela_sparshskin_sim__rosidl_typesupport_cpp.so" to ""
[21.597s] -- Installing: /workspace/LeapXELA_Hardware_ws/install/xela_sparshskin_sim/share/xela_sparshskin_sim/environment/pythonpath.sh
[21.597s] -- Installing: /workspace/LeapXELA_Hardware_ws/install/xela_sparshskin_sim/share/xela_sparshskin_sim/environment/pythonpath.dsv
[21.597s] -- Installing: /workspace/LeapXELA_Hardware_ws/install/xela_sparshskin_sim/local/lib/python3.10/dist-packages/xela_sparshskin_sim-0.0.0-py3.10.egg-info
[21.598s] -- Installing: /workspace/LeapXELA_Hardware_ws/install/xela_sparshskin_sim/local/lib/python3.10/dist-packages/xela_sparshskin_sim-0.0.0-py3.10.egg-info/dependency_links.txt
[21.598s] -- Installing: /workspace/LeapXELA_Hardware_ws/install/xela_sparshskin_sim/local/lib/python3.10/dist-packages/xela_sparshskin_sim-0.0.0-py3.10.egg-info/SOURCES.txt
[21.598s] -- Installing: /workspace/LeapXELA_Hardware_ws/install/xela_sparshskin_sim/local/lib/python3.10/dist-packages/xela_sparshskin_sim-0.0.0-py3.10.egg-info/PKG-INFO
[21.598s] -- Installing: /workspace/LeapXELA_Hardware_ws/install/xela_sparshskin_sim/local/lib/python3.10/dist-packages/xela_sparshskin_sim-0.0.0-py3.10.egg-info/top_level.txt
[21.598s] -- Installing: /workspace/LeapXELA_Hardware_ws/install/xela_sparshskin_sim/local/lib/python3.10/dist-packages/xela_sparshskin_sim
[21.598s] -- Installing: /workspace/LeapXELA_Hardware_ws/install/xela_sparshskin_sim/local/lib/python3.10/dist-packages/xela_sparshskin_sim/__init__.py
[21.598s] -- Installing: /workspace/LeapXELA_Hardware_ws/install/xela_sparshskin_sim/local/lib/python3.10/dist-packages/xela_sparshskin_sim/xela_sparshskin_sim_s__rosidl_typesupport_introspection_c.cpython-310-x86_64-linux-gnu.so
[21.599s] -- Installing: /workspace/LeapXELA_Hardware_ws/install/xela_sparshskin_sim/local/lib/python3.10/dist-packages/xela_sparshskin_sim/xela_sparshskin_sim_s__rosidl_typesupport_fastrtps_c.cpython-310-x86_64-linux-gnu.so
[21.599s] -- Installing: /workspace/LeapXELA_Hardware_ws/install/xela_sparshskin_sim/local/lib/python3.10/dist-packages/xela_sparshskin_sim/_xela_sparshskin_sim_s.ep.rosidl_typesupport_c.c
[21.599s] -- Installing: /workspace/LeapXELA_Hardware_ws/install/xela_sparshskin_sim/local/lib/python3.10/dist-packages/xela_sparshskin_sim/_xela_sparshskin_sim_s.ep.rosidl_typesupport_introspection_c.c
[21.599s] -- Installing: /workspace/LeapXELA_Hardware_ws/install/xela_sparshskin_sim/local/lib/python3.10/dist-packages/xela_sparshskin_sim/xela_sparshskin_sim_s__rosidl_typesupport_c.cpython-310-x86_64-linux-gnu.so
[21.599s] -- Installing: /workspace/LeapXELA_Hardware_ws/install/xela_sparshskin_sim/local/lib/python3.10/dist-packages/xela_sparshskin_sim/_xela_sparshskin_sim_s.ep.rosidl_typesupport_fastrtps_c.c
[21.599s] -- Installing: /workspace/LeapXELA_Hardware_ws/install/xela_sparshskin_sim/local/lib/python3.10/dist-packages/xela_sparshskin_sim/libxela_sparshskin_sim__rosidl_generator_py.so
[21.599s] -- Installing: /workspace/LeapXELA_Hardware_ws/install/xela_sparshskin_sim/local/lib/python3.10/dist-packages/xela_sparshskin_sim/msg
[21.600s] -- Installing: /workspace/LeapXELA_Hardware_ws/install/xela_sparshskin_sim/local/lib/python3.10/dist-packages/xela_sparshskin_sim/msg/__init__.py
[21.600s] -- Installing: /workspace/LeapXELA_Hardware_ws/install/xela_sparshskin_sim/local/lib/python3.10/dist-packages/xela_sparshskin_sim/msg/_hand_sensors_s.c
[21.600s] -- Installing: /workspace/LeapXELA_Hardware_ws/install/xela_sparshskin_sim/local/lib/python3.10/dist-packages/xela_sparshskin_sim/msg/_hand_sensors.py
[21.600s] -- Installing: /workspace/LeapXELA_Hardware_ws/install/xela_sparshskin_sim/local/lib/python3.10/dist-packages/xela_sparshskin_sim/msg/_texel_s.c
[21.600s] -- Installing: /workspace/LeapXELA_Hardware_ws/install/xela_sparshskin_sim/local/lib/python3.10/dist-packages/xela_sparshskin_sim/msg/_texel.py
[21.667s] Listing '/workspace/LeapXELA_Hardware_ws/install/xela_sparshskin_sim/local/lib/python3.10/dist-packages/xela_sparshskin_sim'...
[21.667s] Compiling '/workspace/LeapXELA_Hardware_ws/install/xela_sparshskin_sim/local/lib/python3.10/dist-packages/xela_sparshskin_sim/__init__.py'...
[21.667s] Listing '/workspace/LeapXELA_Hardware_ws/install/xela_sparshskin_sim/local/lib/python3.10/dist-packages/xela_sparshskin_sim/msg'...
[21.668s] Compiling '/workspace/LeapXELA_Hardware_ws/install/xela_sparshskin_sim/local/lib/python3.10/dist-packages/xela_sparshskin_sim/msg/__init__.py'...
[21.668s] Compiling '/workspace/LeapXELA_Hardware_ws/install/xela_sparshskin_sim/local/lib/python3.10/dist-packages/xela_sparshskin_sim/msg/_hand_sensors.py'...
[21.668s] Compiling '/workspace/LeapXELA_Hardware_ws/install/xela_sparshskin_sim/local/lib/python3.10/dist-packages/xela_sparshskin_sim/msg/_texel.py'...
[21.676s] -- Installing: /workspace/LeapXELA_Hardware_ws/install/xela_sparshskin_sim/local/lib/python3.10/dist-packages/xela_sparshskin_sim/xela_sparshskin_sim_s__rosidl_typesupport_fastrtps_c.cpython-310-x86_64-linux-gnu.so
[21.676s] -- Set runtime path of "/workspace/LeapXELA_Hardware_ws/install/xela_sparshskin_sim/local/lib/python3.10/dist-packages/xela_sparshskin_sim/xela_sparshskin_sim_s__rosidl_typesupport_fastrtps_c.cpython-310-x86_64-linux-gnu.so" to ""
[21.676s] -- Installing: /workspace/LeapXELA_Hardware_ws/install/xela_sparshskin_sim/local/lib/python3.10/dist-packages/xela_sparshskin_sim/xela_sparshskin_sim_s__rosidl_typesupport_introspection_c.cpython-310-x86_64-linux-gnu.so
[21.677s] -- Set runtime path of "/workspace/LeapXELA_Hardware_ws/install/xela_sparshskin_sim/local/lib/python3.10/dist-packages/xela_sparshskin_sim/xela_sparshskin_sim_s__rosidl_typesupport_introspection_c.cpython-310-x86_64-linux-gnu.so" to ""
[21.677s] -- Installing: /workspace/LeapXELA_Hardware_ws/install/xela_sparshskin_sim/local/lib/python3.10/dist-packages/xela_sparshskin_sim/xela_sparshskin_sim_s__rosidl_typesupport_c.cpython-310-x86_64-linux-gnu.so
[21.677s] -- Set runtime path of "/workspace/LeapXELA_Hardware_ws/install/xela_sparshskin_sim/local/lib/python3.10/dist-packages/xela_sparshskin_sim/xela_sparshskin_sim_s__rosidl_typesupport_c.cpython-310-x86_64-linux-gnu.so" to ""
[21.677s] -- Installing: /workspace/LeapXELA_Hardware_ws/install/xela_sparshskin_sim/lib/libxela_sparshskin_sim__rosidl_generator_py.so
[21.678s] -- Set runtime path of "/workspace/LeapXELA_Hardware_ws/install/xela_sparshskin_sim/lib/libxela_sparshskin_sim__rosidl_generator_py.so" to ""
[21.678s] -- Installing: /workspace/LeapXELA_Hardware_ws/install/xela_sparshskin_sim/share/ament_index/resource_index/rust_packages/xela_sparshskin_sim
[21.678s] -- Installing: /workspace/LeapXELA_Hardware_ws/install/xela_sparshskin_sim/share/xela_sparshskin_sim/rust
[21.678s] -- Installing: /workspace/LeapXELA_Hardware_ws/install/xela_sparshskin_sim/share/xela_sparshskin_sim/rust/Cargo.toml
[21.679s] -- Installing: /workspace/LeapXELA_Hardware_ws/install/xela_sparshskin_sim/share/xela_sparshskin_sim/rust/src
[21.679s] -- Installing: /workspace/LeapXELA_Hardware_ws/install/xela_sparshskin_sim/share/xela_sparshskin_sim/rust/src/lib.rs
[21.679s] -- Installing: /workspace/LeapXELA_Hardware_ws/install/xela_sparshskin_sim/share/xela_sparshskin_sim/rust/src/msg.rs
[21.679s] -- Installing: /workspace/LeapXELA_Hardware_ws/install/xela_sparshskin_sim/share/xela_sparshskin_sim/rust/src/msg
[21.679s] -- Installing: /workspace/LeapXELA_Hardware_ws/install/xela_sparshskin_sim/share/xela_sparshskin_sim/rust/src/msg/rmw.rs
[21.680s] -- Installing: /workspace/LeapXELA_Hardware_ws/install/xela_sparshskin_sim/share/xela_sparshskin_sim/rust/build.rs
[21.680s] -- Installing: /workspace/LeapXELA_Hardware_ws/install/xela_sparshskin_sim/share/xela_sparshskin_sim/msg/Texel.idl
[21.680s] -- Installing: /workspace/LeapXELA_Hardware_ws/install/xela_sparshskin_sim/share/xela_sparshskin_sim/msg/HandSensors.idl
[21.680s] -- Installing: /workspace/LeapXELA_Hardware_ws/install/xela_sparshskin_sim/share/xela_sparshskin_sim/msg/Texel.msg
[21.680s] -- Installing: /workspace/LeapXELA_Hardware_ws/install/xela_sparshskin_sim/share/xela_sparshskin_sim/msg/HandSensors.msg
[21.680s] -- Installing: /workspace/LeapXELA_Hardware_ws/install/xela_sparshskin_sim/lib/xela_sparshskin_sim/process_hand_sensors_into_pointcloud
[21.685s] -- Set runtime path of "/workspace/LeapXELA_Hardware_ws/install/xela_sparshskin_sim/lib/xela_sparshskin_sim/process_hand_sensors_into_pointcloud" to ""
[21.686s] -- Installing: /workspace/LeapXELA_Hardware_ws/install/xela_sparshskin_sim/lib/xela_sparshskin_sim/hand_controller.py
[21.686s] -- Installing: /workspace/LeapXELA_Hardware_ws/install/xela_sparshskin_sim/lib/xela_sparshskin_sim/hand_touch_point_cloud.py
[21.686s] -- Installing: /workspace/LeapXELA_Hardware_ws/install/xela_sparshskin_sim/lib/xela_sparshskin_sim/leap_taxel_map.py
[21.686s] -- Installing: /workspace/LeapXELA_Hardware_ws/install/xela_sparshskin_sim/lib/xela_sparshskin_sim/sensor_value_publisher_fake.py
[21.686s] -- Installing: /workspace/LeapXELA_Hardware_ws/install/xela_sparshskin_sim/lib/xela_sparshskin_sim/leap_sensor_taxel_map.json
[21.687s] -- Up-to-date: /workspace/LeapXELA_Hardware_ws/install/xela_sparshskin_sim/include/
[21.687s] -- Up-to-date: /workspace/LeapXELA_Hardware_ws/install/xela_sparshskin_sim/include//xela_sparshskin_sim
[21.687s] -- Installing: /workspace/LeapXELA_Hardware_ws/install/xela_sparshskin_sim/include//xela_sparshskin_sim/process_hand_sensors_into_pointcloud.h
[21.687s] -- Installing: /workspace/LeapXELA_Hardware_ws/install/xela_sparshskin_sim/include//xela_sparshskin_sim/camera_control.hpp
[21.687s] -- Installing: /workspace/LeapXELA_Hardware_ws/install/xela_sparshskin_sim/share/xela_sparshskin_sim/launch
[21.687s] -- Installing: /workspace/LeapXELA_Hardware_ws/install/xela_sparshskin_sim/share/ament_index/resource_index/package_run_dependencies/xela_sparshskin_sim
[21.688s] -- Installing: /workspace/LeapXELA_Hardware_ws/install/xela_sparshskin_sim/share/ament_index/resource_index/parent_prefix_path/xela_sparshskin_sim
[21.688s] -- Installing: /workspace/LeapXELA_Hardware_ws/install/xela_sparshskin_sim/share/xela_sparshskin_sim/environment/ament_prefix_path.sh
[21.688s] -- Installing: /workspace/LeapXELA_Hardware_ws/install/xela_sparshskin_sim/share/xela_sparshskin_sim/environment/ament_prefix_path.dsv
[21.688s] -- Installing: /workspace/LeapXELA_Hardware_ws/install/xela_sparshskin_sim/share/xela_sparshskin_sim/environment/path.sh
[21.688s] -- Installing: /workspace/LeapXELA_Hardware_ws/install/xela_sparshskin_sim/share/xela_sparshskin_sim/environment/path.dsv
[21.688s] -- Installing: /workspace/LeapXELA_Hardware_ws/install/xela_sparshskin_sim/share/xela_sparshskin_sim/local_setup.bash
[21.689s] -- Installing: /workspace/LeapXELA_Hardware_ws/install/xela_sparshskin_sim/share/xela_sparshskin_sim/local_setup.sh
[21.689s] -- Installing: /workspace/LeapXELA_Hardware_ws/install/xela_sparshskin_sim/share/xela_sparshskin_sim/local_setup.zsh
[21.691s] -- Installing: /workspace/LeapXELA_Hardware_ws/install/xela_sparshskin_sim/share/xela_sparshskin_sim/local_setup.dsv
[21.692s] -- Installing: /workspace/LeapXELA_Hardware_ws/install/xela_sparshskin_sim/share/xela_sparshskin_sim/package.dsv
[21.692s] -- Installing: /workspace/LeapXELA_Hardware_ws/install/xela_sparshskin_sim/share/ament_index/resource_index/packages/xela_sparshskin_sim
[21.692s] -- Installing: /workspace/LeapXELA_Hardware_ws/install/xela_sparshskin_sim/share/xela_sparshskin_sim/cmake/export_xela_sparshskin_sim__rosidl_generator_cExport.cmake
[21.692s] -- Installing: /workspace/LeapXELA_Hardware_ws/install/xela_sparshskin_sim/share/xela_sparshskin_sim/cmake/export_xela_sparshskin_sim__rosidl_generator_cExport-noconfig.cmake
[21.692s] -- Installing: /workspace/LeapXELA_Hardware_ws/install/xela_sparshskin_sim/share/xela_sparshskin_sim/cmake/export_xela_sparshskin_sim__rosidl_typesupport_fastrtps_cExport.cmake
[21.692s] -- Installing: /workspace/LeapXELA_Hardware_ws/install/xela_sparshskin_sim/share/xela_sparshskin_sim/cmake/export_xela_sparshskin_sim__rosidl_typesupport_fastrtps_cExport-noconfig.cmake
[21.692s] -- Installing: /workspace/LeapXELA_Hardware_ws/install/xela_sparshskin_sim/share/xela_sparshskin_sim/cmake/export_xela_sparshskin_sim__rosidl_generator_cppExport.cmake
[21.692s] -- Installing: /workspace/LeapXELA_Hardware_ws/install/xela_sparshskin_sim/share/xela_sparshskin_sim/cmake/export_xela_sparshskin_sim__rosidl_typesupport_fastrtps_cppExport.cmake
[21.692s] -- Installing: /workspace/LeapXELA_Hardware_ws/install/xela_sparshskin_sim/share/xela_sparshskin_sim/cmake/export_xela_sparshskin_sim__rosidl_typesupport_fastrtps_cppExport-noconfig.cmake
[21.693s] -- Installing: /workspace/LeapXELA_Hardware_ws/install/xela_sparshskin_sim/share/xela_sparshskin_sim/cmake/xela_sparshskin_sim__rosidl_typesupport_introspection_cExport.cmake
[21.693s] -- Installing: /workspace/LeapXELA_Hardware_ws/install/xela_sparshskin_sim/share/xela_sparshskin_sim/cmake/xela_sparshskin_sim__rosidl_typesupport_introspection_cExport-noconfig.cmake
[21.693s] -- Installing: /workspace/LeapXELA_Hardware_ws/install/xela_sparshskin_sim/share/xela_sparshskin_sim/cmake/xela_sparshskin_sim__rosidl_typesupport_cExport.cmake
[21.693s] -- Installing: /workspace/LeapXELA_Hardware_ws/install/xela_sparshskin_sim/share/xela_sparshskin_sim/cmake/xela_sparshskin_sim__rosidl_typesupport_cExport-noconfig.cmake
[21.693s] -- Installing: /workspace/LeapXELA_Hardware_ws/install/xela_sparshskin_sim/share/xela_sparshskin_sim/cmake/xela_sparshskin_sim__rosidl_typesupport_introspection_cppExport.cmake
[21.693s] -- Installing: /workspace/LeapXELA_Hardware_ws/install/xela_sparshskin_sim/share/xela_sparshskin_sim/cmake/xela_sparshskin_sim__rosidl_typesupport_introspection_cppExport-noconfig.cmake
[21.693s] -- Installing: /workspace/LeapXELA_Hardware_ws/install/xela_sparshskin_sim/share/xela_sparshskin_sim/cmake/xela_sparshskin_sim__rosidl_typesupport_cppExport.cmake
[21.693s] -- Installing: /workspace/LeapXELA_Hardware_ws/install/xela_sparshskin_sim/share/xela_sparshskin_sim/cmake/xela_sparshskin_sim__rosidl_typesupport_cppExport-noconfig.cmake
[21.693s] -- Installing: /workspace/LeapXELA_Hardware_ws/install/xela_sparshskin_sim/share/xela_sparshskin_sim/cmake/export_xela_sparshskin_sim__rosidl_generator_pyExport.cmake
[21.694s] -- Installing: /workspace/LeapXELA_Hardware_ws/install/xela_sparshskin_sim/share/xela_sparshskin_sim/cmake/export_xela_sparshskin_sim__rosidl_generator_pyExport-noconfig.cmake
[21.694s] -- Installing: /workspace/LeapXELA_Hardware_ws/install/xela_sparshskin_sim/share/xela_sparshskin_sim/cmake/rosidl_cmake-extras.cmake
[21.694s] -- Installing: /workspace/LeapXELA_Hardware_ws/install/xela_sparshskin_sim/share/xela_sparshskin_sim/cmake/ament_cmake_export_include_directories-extras.cmake
[21.694s] -- Installing: /workspace/LeapXELA_Hardware_ws/install/xela_sparshskin_sim/share/xela_sparshskin_sim/cmake/ament_cmake_export_libraries-extras.cmake
[21.694s] -- Installing: /workspace/LeapXELA_Hardware_ws/install/xela_sparshskin_sim/share/xela_sparshskin_sim/cmake/ament_cmake_export_targets-extras.cmake
[21.694s] -- Installing: /workspace/LeapXELA_Hardware_ws/install/xela_sparshskin_sim/share/xela_sparshskin_sim/cmake/rosidl_cmake_export_typesupport_targets-extras.cmake
[21.694s] -- Installing: /workspace/LeapXELA_Hardware_ws/install/xela_sparshskin_sim/share/xela_sparshskin_sim/cmake/ament_cmake_export_dependencies-extras.cmake
[21.694s] -- Installing: /workspace/LeapXELA_Hardware_ws/install/xela_sparshskin_sim/share/xela_sparshskin_sim/cmake/rosidl_cmake_export_typesupport_libraries-extras.cmake
[21.694s] -- Installing: /workspace/LeapXELA_Hardware_ws/install/xela_sparshskin_sim/share/xela_sparshskin_sim/cmake/xela_sparshskin_simConfig.cmake
[21.695s] -- Installing: /workspace/LeapXELA_Hardware_ws/install/xela_sparshskin_sim/share/xela_sparshskin_sim/cmake/xela_sparshskin_simConfig-version.cmake
[21.695s] -- Installing: /workspace/LeapXELA_Hardware_ws/install/xela_sparshskin_sim/share/xela_sparshskin_sim/package.xml
[21.699s] Invoked command in '/workspace/LeapXELA_Hardware_ws/build/xela_sparshskin_sim' returned '0': AMENT_PREFIX_PATH=/workspace/LeapXELA_Hardware_ws/install/xela_description:${AMENT_PREFIX_PATH} CMAKE_PREFIX_PATH=${CMAKE_PREFIX_PATH}:/opt/ros/humble PYTHONPATH=/workspace/LeapXELA_Hardware_ws/install/xela_description/lib/python3.10/site-packages:/opt/ros/humble/lib/python3.10/site-packages:/opt/ros/humble/local/lib/python3.10/dist-packages:/usr/local/lib /usr/bin/cmake --install /workspace/LeapXELA_Hardware_ws/build/xela_sparshskin_sim
