[1.257s] Invoking command in '/workspace/LeapXELA_Hardware_ws/ros_ws/src/xela_description': PYTHONPATH=/workspace/LeapXELA_Hardware_ws/build/xela_description/prefix_override:/usr/lib/python3/dist-packages/colcon_core/task/python/colcon_distutils_commands:/workspace/LeapXELA_Hardware_ws/install/xela_description/lib/python3.10/site-packages:${PYTHONPATH} /usr/bin/python3 -W ignore:setup.py install is deprecated -W ignore:easy_install command is deprecated setup.py egg_info --egg-base ../../../build/xela_description build --build-base /workspace/LeapXELA_Hardware_ws/build/xela_description/build install --record /workspace/LeapXELA_Hardware_ws/build/xela_description/install.log --single-version-externally-managed install_data
[1.790s] running egg_info
[1.825s] creating ../../../build/xela_description/xela_description.egg-info
[1.825s] writing ../../../build/xela_description/xela_description.egg-info/PKG-INFO
[1.826s] writing dependency_links to ../../../build/xela_description/xela_description.egg-info/dependency_links.txt
[1.826s] writing entry points to ../../../build/xela_description/xela_description.egg-info/entry_points.txt
[1.827s] writing requirements to ../../../build/xela_description/xela_description.egg-info/requires.txt
[1.827s] writing top-level names to ../../../build/xela_description/xela_description.egg-info/top_level.txt
[1.827s] writing manifest file '../../../build/xela_description/xela_description.egg-info/SOURCES.txt'
[1.914s] reading manifest file '../../../build/xela_description/xela_description.egg-info/SOURCES.txt'
[1.919s] writing manifest file '../../../build/xela_description/xela_description.egg-info/SOURCES.txt'
[1.919s] running build
[1.919s] running build_py
[1.919s] creating /workspace/LeapXELA_Hardware_ws/build/xela_description/build/lib/mjcf
[1.920s] copying mjcf/__init__.py -> /workspace/LeapXELA_Hardware_ws/build/xela_description/build/lib/mjcf
[1.920s] copying mjcf/add_touch_point_cloud_to_model.py -> /workspace/LeapXELA_Hardware_ws/build/xela_description/build/lib/mjcf
[1.920s] copying mjcf/generatehand_flexcom_sensor.py -> /workspace/LeapXELA_Hardware_ws/build/xela_description/build/lib/mjcf
[1.921s] copying mjcf/visulize_mjcf.py -> /workspace/LeapXELA_Hardware_ws/build/xela_description/build/lib/mjcf
[1.921s] copying mjcf/leap_taxel_map.py -> /workspace/LeapXELA_Hardware_ws/build/xela_description/build/lib/mjcf
[1.924s] creating /workspace/LeapXELA_Hardware_ws/build/xela_description/build/lib/urdf
[1.924s] copying urdf/__init__.py -> /workspace/LeapXELA_Hardware_ws/build/xela_description/build/lib/urdf
[1.924s] copying urdf/visulize_hand_node.py -> /workspace/LeapXELA_Hardware_ws/build/xela_description/build/lib/urdf
[1.924s] copying urdf/visulize_finger_node.py -> /workspace/LeapXELA_Hardware_ws/build/xela_description/build/lib/urdf
[1.924s] copying urdf/visulize_node.py -> /workspace/LeapXELA_Hardware_ws/build/xela_description/build/lib/urdf
[1.925s] copying urdf/list_to_string.py -> /workspace/LeapXELA_Hardware_ws/build/xela_description/build/lib/urdf
[1.925s] copying urdf/finger.py -> /workspace/LeapXELA_Hardware_ws/build/xela_description/build/lib/urdf
[1.925s] copying urdf/visulize_palm_node.py -> /workspace/LeapXELA_Hardware_ws/build/xela_description/build/lib/urdf
[1.925s] copying urdf/thumb.py -> /workspace/LeapXELA_Hardware_ws/build/xela_description/build/lib/urdf
[1.925s] copying urdf/palm.py -> /workspace/LeapXELA_Hardware_ws/build/xela_description/build/lib/urdf
[1.925s] copying urdf/visulize_thumb_node.py -> /workspace/LeapXELA_Hardware_ws/build/xela_description/build/lib/urdf
[1.925s] copying urdf/hand.py -> /workspace/LeapXELA_Hardware_ws/build/xela_description/build/lib/urdf
[1.926s] running install
[1.935s] running install_lib
[1.974s] creating /workspace/LeapXELA_Hardware_ws/install/xela_description/lib/python3.10/site-packages/mjcf
[1.974s] copying /workspace/LeapXELA_Hardware_ws/build/xela_description/build/lib/mjcf/__init__.py -> /workspace/LeapXELA_Hardware_ws/install/xela_description/lib/python3.10/site-packages/mjcf
[1.974s] copying /workspace/LeapXELA_Hardware_ws/build/xela_description/build/lib/mjcf/add_touch_point_cloud_to_model.py -> /workspace/LeapXELA_Hardware_ws/install/xela_description/lib/python3.10/site-packages/mjcf
[1.974s] copying /workspace/LeapXELA_Hardware_ws/build/xela_description/build/lib/mjcf/generatehand_flexcom_sensor.py -> /workspace/LeapXELA_Hardware_ws/install/xela_description/lib/python3.10/site-packages/mjcf
[1.975s] copying /workspace/LeapXELA_Hardware_ws/build/xela_description/build/lib/mjcf/visulize_mjcf.py -> /workspace/LeapXELA_Hardware_ws/install/xela_description/lib/python3.10/site-packages/mjcf
[1.975s] copying /workspace/LeapXELA_Hardware_ws/build/xela_description/build/lib/mjcf/leap_taxel_map.py -> /workspace/LeapXELA_Hardware_ws/install/xela_description/lib/python3.10/site-packages/mjcf
[1.975s] creating /workspace/LeapXELA_Hardware_ws/install/xela_description/lib/python3.10/site-packages/urdf
[1.975s] copying /workspace/LeapXELA_Hardware_ws/build/xela_description/build/lib/urdf/__init__.py -> /workspace/LeapXELA_Hardware_ws/install/xela_description/lib/python3.10/site-packages/urdf
[1.976s] copying /workspace/LeapXELA_Hardware_ws/build/xela_description/build/lib/urdf/visulize_hand_node.py -> /workspace/LeapXELA_Hardware_ws/install/xela_description/lib/python3.10/site-packages/urdf
[1.976s] copying /workspace/LeapXELA_Hardware_ws/build/xela_description/build/lib/urdf/visulize_finger_node.py -> /workspace/LeapXELA_Hardware_ws/install/xela_description/lib/python3.10/site-packages/urdf
[1.976s] copying /workspace/LeapXELA_Hardware_ws/build/xela_description/build/lib/urdf/visulize_node.py -> /workspace/LeapXELA_Hardware_ws/install/xela_description/lib/python3.10/site-packages/urdf
[1.976s] copying /workspace/LeapXELA_Hardware_ws/build/xela_description/build/lib/urdf/list_to_string.py -> /workspace/LeapXELA_Hardware_ws/install/xela_description/lib/python3.10/site-packages/urdf
[1.976s] copying /workspace/LeapXELA_Hardware_ws/build/xela_description/build/lib/urdf/finger.py -> /workspace/LeapXELA_Hardware_ws/install/xela_description/lib/python3.10/site-packages/urdf
[1.977s] copying /workspace/LeapXELA_Hardware_ws/build/xela_description/build/lib/urdf/visulize_palm_node.py -> /workspace/LeapXELA_Hardware_ws/install/xela_description/lib/python3.10/site-packages/urdf
[1.977s] copying /workspace/LeapXELA_Hardware_ws/build/xela_description/build/lib/urdf/thumb.py -> /workspace/LeapXELA_Hardware_ws/install/xela_description/lib/python3.10/site-packages/urdf
[1.977s] copying /workspace/LeapXELA_Hardware_ws/build/xela_description/build/lib/urdf/palm.py -> /workspace/LeapXELA_Hardware_ws/install/xela_description/lib/python3.10/site-packages/urdf
[1.977s] copying /workspace/LeapXELA_Hardware_ws/build/xela_description/build/lib/urdf/visulize_thumb_node.py -> /workspace/LeapXELA_Hardware_ws/install/xela_description/lib/python3.10/site-packages/urdf
[1.978s] copying /workspace/LeapXELA_Hardware_ws/build/xela_description/build/lib/urdf/hand.py -> /workspace/LeapXELA_Hardware_ws/install/xela_description/lib/python3.10/site-packages/urdf
[1.979s] byte-compiling /workspace/LeapXELA_Hardware_ws/install/xela_description/lib/python3.10/site-packages/mjcf/__init__.py to __init__.cpython-310.pyc
[1.979s] byte-compiling /workspace/LeapXELA_Hardware_ws/install/xela_description/lib/python3.10/site-packages/mjcf/add_touch_point_cloud_to_model.py to add_touch_point_cloud_to_model.cpython-310.pyc
[1.984s] byte-compiling /workspace/LeapXELA_Hardware_ws/install/xela_description/lib/python3.10/site-packages/mjcf/generatehand_flexcom_sensor.py to generatehand_flexcom_sensor.cpython-310.pyc
[2.005s] byte-compiling /workspace/LeapXELA_Hardware_ws/install/xela_description/lib/python3.10/site-packages/mjcf/visulize_mjcf.py to visulize_mjcf.cpython-310.pyc
[2.006s] byte-compiling /workspace/LeapXELA_Hardware_ws/install/xela_description/lib/python3.10/site-packages/mjcf/leap_taxel_map.py to leap_taxel_map.cpython-310.pyc
[2.011s] byte-compiling /workspace/LeapXELA_Hardware_ws/install/xela_description/lib/python3.10/site-packages/urdf/__init__.py to __init__.cpython-310.pyc
[2.012s] byte-compiling /workspace/LeapXELA_Hardware_ws/install/xela_description/lib/python3.10/site-packages/urdf/visulize_hand_node.py to visulize_hand_node.cpython-310.pyc
[2.017s] byte-compiling /workspace/LeapXELA_Hardware_ws/install/xela_description/lib/python3.10/site-packages/urdf/visulize_finger_node.py to visulize_finger_node.cpython-310.pyc
[2.021s] byte-compiling /workspace/LeapXELA_Hardware_ws/install/xela_description/lib/python3.10/site-packages/urdf/visulize_node.py to visulize_node.cpython-310.pyc
[2.023s] byte-compiling /workspace/LeapXELA_Hardware_ws/install/xela_description/lib/python3.10/site-packages/urdf/list_to_string.py to list_to_string.cpython-310.pyc
[2.023s] byte-compiling /workspace/LeapXELA_Hardware_ws/install/xela_description/lib/python3.10/site-packages/urdf/finger.py to finger.cpython-310.pyc
[2.030s] byte-compiling /workspace/LeapXELA_Hardware_ws/install/xela_description/lib/python3.10/site-packages/urdf/visulize_palm_node.py to visulize_palm_node.cpython-310.pyc
[2.033s] byte-compiling /workspace/LeapXELA_Hardware_ws/install/xela_description/lib/python3.10/site-packages/urdf/thumb.py to thumb.cpython-310.pyc
[2.039s] byte-compiling /workspace/LeapXELA_Hardware_ws/install/xela_description/lib/python3.10/site-packages/urdf/palm.py to palm.cpython-310.pyc
[2.040s] byte-compiling /workspace/LeapXELA_Hardware_ws/install/xela_description/lib/python3.10/site-packages/urdf/visulize_thumb_node.py to visulize_thumb_node.cpython-310.pyc
[2.044s] byte-compiling /workspace/LeapXELA_Hardware_ws/install/xela_description/lib/python3.10/site-packages/urdf/hand.py to hand.cpython-310.pyc
[2.047s] running install_data
[2.047s] creating /workspace/LeapXELA_Hardware_ws/install/xela_description/share/ament_index/resource_index/packages
[2.048s] copying resource/xela_description -> /workspace/LeapXELA_Hardware_ws/install/xela_description/share/ament_index/resource_index/packages
[2.048s] copying package.xml -> /workspace/LeapXELA_Hardware_ws/install/xela_description/share/xela_description
[2.048s] copying urdf/robot.urdf -> /workspace/LeapXELA_Hardware_ws/install/xela_description/share/xela_description
[2.048s] copying urdf/finger.urdf -> /workspace/LeapXELA_Hardware_ws/install/xela_description/share/xela_description
[2.049s] copying urdf/thumb.urdf -> /workspace/LeapXELA_Hardware_ws/install/xela_description/share/xela_description
[2.049s] copying urdf/palm.urdf -> /workspace/LeapXELA_Hardware_ws/install/xela_description/share/xela_description
[2.050s] copying urdf/hand.urdf -> /workspace/LeapXELA_Hardware_ws/install/xela_description/share/xela_description
[2.050s] copying joint_config.json -> /workspace/LeapXELA_Hardware_ws/install/xela_description/share/xela_description
[2.050s] creating /workspace/LeapXELA_Hardware_ws/install/xela_description/share/xela_description/launch
[2.050s] copying launch/visulize.launch.py -> /workspace/LeapXELA_Hardware_ws/install/xela_description/share/xela_description/launch
[2.050s] copying launch/visulize_palm_launch.py -> /workspace/LeapXELA_Hardware_ws/install/xela_description/share/xela_description/launch
[2.051s] copying launch/visulize_mjcf_launch.py -> /workspace/LeapXELA_Hardware_ws/install/xela_description/share/xela_description/launch
[2.051s] copying launch/visulize_finger_launch.py -> /workspace/LeapXELA_Hardware_ws/install/xela_description/share/xela_description/launch
[2.051s] copying launch/visulize_thumb_launch.py -> /workspace/LeapXELA_Hardware_ws/install/xela_description/share/xela_description/launch
[2.051s] copying launch/visulize_hand_launch.py -> /workspace/LeapXELA_Hardware_ws/install/xela_description/share/xela_description/launch
[2.051s] creating /workspace/LeapXELA_Hardware_ws/install/xela_description/share/xela_description/launch/__pycache__
[2.051s] copying launch/__pycache__/visulize_finger_launch.cpython-310.pyc -> /workspace/LeapXELA_Hardware_ws/install/xela_description/share/xela_description/launch/__pycache__
[2.052s] creating /workspace/LeapXELA_Hardware_ws/install/xela_description/share/xela_description/mjcf
[2.052s] copying mjcf/leapXela_base_model.xml -> /workspace/LeapXELA_Hardware_ws/install/xela_description/share/xela_description/mjcf
[2.052s] copying mjcf/__init__.py -> /workspace/LeapXELA_Hardware_ws/install/xela_description/share/xela_description/mjcf
[2.052s] copying mjcf/add_touch_point_cloud_to_model.py -> /workspace/LeapXELA_Hardware_ws/install/xela_description/share/xela_description/mjcf
[2.052s] copying mjcf/leapXela_generated_flex_sensor.xml -> /workspace/LeapXELA_Hardware_ws/install/xela_description/share/xela_description/mjcf
[2.053s] copying mjcf/scene.xml -> /workspace/LeapXELA_Hardware_ws/install/xela_description/share/xela_description/mjcf
[2.053s] copying mjcf/scene_flex_sensor_Box.xml -> /workspace/LeapXELA_Hardware_ws/install/xela_description/share/xela_description/mjcf
[2.053s] copying mjcf/sensor_joints.json -> /workspace/LeapXELA_Hardware_ws/install/xela_description/share/xela_description/mjcf
[2.054s] copying mjcf/scene_touch_point_cloud.xml -> /workspace/LeapXELA_Hardware_ws/install/xela_description/share/xela_description/mjcf
[2.054s] copying mjcf/leapXela_touch_point_cloud.xml -> /workspace/LeapXELA_Hardware_ws/install/xela_description/share/xela_description/mjcf
[2.055s] copying mjcf/config.json -> /workspace/LeapXELA_Hardware_ws/install/xela_description/share/xela_description/mjcf
[2.055s] copying mjcf/generatehand_flexcom_sensor.py -> /workspace/LeapXELA_Hardware_ws/install/xela_description/share/xela_description/mjcf
[2.056s] copying mjcf/visulize_mjcf.py -> /workspace/LeapXELA_Hardware_ws/install/xela_description/share/xela_description/mjcf
[2.056s] copying mjcf/4_6_sites.json -> /workspace/LeapXELA_Hardware_ws/install/xela_description/share/xela_description/mjcf
[2.056s] copying mjcf/leap_taxel_map.py -> /workspace/LeapXELA_Hardware_ws/install/xela_description/share/xela_description/mjcf
[2.056s] copying mjcf/leap_sensor_taxel_map.json -> /workspace/LeapXELA_Hardware_ws/install/xela_description/share/xela_description/mjcf
[2.056s] copying mjcf/fingertip_magnet_pose.json -> /workspace/LeapXELA_Hardware_ws/install/xela_description/share/xela_description/mjcf
[2.056s] copying mjcf/4_4_sites.json -> /workspace/LeapXELA_Hardware_ws/install/xela_description/share/xela_description/mjcf
[2.057s] creating /workspace/LeapXELA_Hardware_ws/install/xela_description/share/xela_description/mjcf/assets
[2.057s] copying mjcf/assets/fingertop_unfied.part -> /workspace/LeapXELA_Hardware_ws/install/xela_description/share/xela_description/mjcf/assets
[2.057s] copying mjcf/assets/p4_unified.stl -> /workspace/LeapXELA_Hardware_ws/install/xela_description/share/xela_description/mjcf/assets
[2.059s] copying mjcf/assets/thp0_unified.stl -> /workspace/LeapXELA_Hardware_ws/install/xela_description/share/xela_description/mjcf/assets
[2.060s] copying mjcf/assets/outer_skin_collision_1.stl -> /workspace/LeapXELA_Hardware_ws/install/xela_description/share/xela_description/mjcf/assets
[2.060s] copying mjcf/assets/sphere.stl -> /workspace/LeapXELA_Hardware_ws/install/xela_description/share/xela_description/mjcf/assets
[2.060s] copying mjcf/assets/fingertop_unfied.stl -> /workspace/LeapXELA_Hardware_ws/install/xela_description/share/xela_description/mjcf/assets
[2.062s] copying mjcf/assets/p5_unified.stl -> /workspace/LeapXELA_Hardware_ws/install/xela_description/share/xela_description/mjcf/assets
[2.063s] copying mjcf/assets/palm_face.part -> /workspace/LeapXELA_Hardware_ws/install/xela_description/share/xela_description/mjcf/assets
[2.063s] copying mjcf/assets/thfingertip_unified.part -> /workspace/LeapXELA_Hardware_ws/install/xela_description/share/xela_description/mjcf/assets
[2.063s] copying mjcf/assets/outer_skin_v1_3_1.stl.mtl -> /workspace/LeapXELA_Hardware_ws/install/xela_description/share/xela_description/mjcf/assets
[2.063s] copying mjcf/assets/outer_skin_collision_2.stl -> /workspace/LeapXELA_Hardware_ws/install/xela_description/share/xela_description/mjcf/assets
[2.063s] copying mjcf/assets/thconnector.stl -> /workspace/LeapXELA_Hardware_ws/install/xela_description/share/xela_description/mjcf/assets
[2.064s] copying mjcf/assets/p3_unified.part -> /workspace/LeapXELA_Hardware_ws/install/xela_description/share/xela_description/mjcf/assets
[2.064s] copying mjcf/assets/outer_skin_collision_5.stl -> /workspace/LeapXELA_Hardware_ws/install/xela_description/share/xela_description/mjcf/assets
[2.065s] copying mjcf/assets/thp1_unified.part -> /workspace/LeapXELA_Hardware_ws/install/xela_description/share/xela_description/mjcf/assets
[2.065s] copying mjcf/assets/top_palm.stl -> /workspace/LeapXELA_Hardware_ws/install/xela_description/share/xela_description/mjcf/assets
[2.066s] copying mjcf/assets/outer_skin_collision_6.stl -> /workspace/LeapXELA_Hardware_ws/install/xela_description/share/xela_description/mjcf/assets
[2.066s] copying mjcf/assets/leap_hand_xela_motorholder.part -> /workspace/LeapXELA_Hardware_ws/install/xela_description/share/xela_description/mjcf/assets
[2.067s] copying mjcf/assets/clipper.part -> /workspace/LeapXELA_Hardware_ws/install/xela_description/share/xela_description/mjcf/assets
[2.067s] copying mjcf/assets/uspa46.stl -> /workspace/LeapXELA_Hardware_ws/install/xela_description/share/xela_description/mjcf/assets
[2.067s] copying mjcf/assets/leap_hand_xela_motorholder.stl -> /workspace/LeapXELA_Hardware_ws/install/xela_description/share/xela_description/mjcf/assets
[2.068s] copying mjcf/assets/leap_hand_xela_bottom.stl -> /workspace/LeapXELA_Hardware_ws/install/xela_description/share/xela_description/mjcf/assets
[2.069s] copying mjcf/assets/leap_hand_xela_side_cover.stl -> /workspace/LeapXELA_Hardware_ws/install/xela_description/share/xela_description/mjcf/assets
[2.070s] copying mjcf/assets/p5_unified.part -> /workspace/LeapXELA_Hardware_ws/install/xela_description/share/xela_description/mjcf/assets
[2.070s] copying mjcf/assets/p4_unified.part -> /workspace/LeapXELA_Hardware_ws/install/xela_description/share/xela_description/mjcf/assets
[2.070s] copying mjcf/assets/outer_skin_collision_3.stl -> /workspace/LeapXELA_Hardware_ws/install/xela_description/share/xela_description/mjcf/assets
[2.070s] copying mjcf/assets/leap_hand_xela_side_cover.part -> /workspace/LeapXELA_Hardware_ws/install/xela_description/share/xela_description/mjcf/assets
[2.070s] copying mjcf/assets/clipper.stl -> /workspace/LeapXELA_Hardware_ws/install/xela_description/share/xela_description/mjcf/assets
[2.071s] copying mjcf/assets/uspa46.part -> /workspace/LeapXELA_Hardware_ws/install/xela_description/share/xela_description/mjcf/assets
[2.071s] copying mjcf/assets/thfingertip_unified.stl -> /workspace/LeapXELA_Hardware_ws/install/xela_description/share/xela_description/mjcf/assets
[2.072s] copying mjcf/assets/leap_hand_xela_back_cover.stl -> /workspace/LeapXELA_Hardware_ws/install/xela_description/share/xela_description/mjcf/assets
[2.076s] copying mjcf/assets/top_palm.part -> /workspace/LeapXELA_Hardware_ws/install/xela_description/share/xela_description/mjcf/assets
[2.076s] copying mjcf/assets/palm_face.stl -> /workspace/LeapXELA_Hardware_ws/install/xela_description/share/xela_description/mjcf/assets
[2.076s] copying mjcf/assets/outer_skin_v1_3_1.part -> /workspace/LeapXELA_Hardware_ws/install/xela_description/share/xela_description/mjcf/assets
[2.076s] copying mjcf/assets/outer_skin_v1_3_1.stl -> /workspace/LeapXELA_Hardware_ws/install/xela_description/share/xela_description/mjcf/assets
[2.076s] copying mjcf/assets/thp1_unified.stl -> /workspace/LeapXELA_Hardware_ws/install/xela_description/share/xela_description/mjcf/assets
[2.078s] copying mjcf/assets/thconnector.part -> /workspace/LeapXELA_Hardware_ws/install/xela_description/share/xela_description/mjcf/assets
[2.078s] copying mjcf/assets/thp0_unified.part -> /workspace/LeapXELA_Hardware_ws/install/xela_description/share/xela_description/mjcf/assets
[2.078s] copying mjcf/assets/outer_skin_v1_3_1.stl.obj -> /workspace/LeapXELA_Hardware_ws/install/xela_description/share/xela_description/mjcf/assets
[2.078s] copying mjcf/assets/leap_hand_xela_back_cover.part -> /workspace/LeapXELA_Hardware_ws/install/xela_description/share/xela_description/mjcf/assets
[2.078s] copying mjcf/assets/p3_unified.stl -> /workspace/LeapXELA_Hardware_ws/install/xela_description/share/xela_description/mjcf/assets
[2.080s] copying mjcf/assets/leap_hand_xela_bottom.part -> /workspace/LeapXELA_Hardware_ws/install/xela_description/share/xela_description/mjcf/assets
[2.080s] copying mjcf/assets/thp2_unified.stl -> /workspace/LeapXELA_Hardware_ws/install/xela_description/share/xela_description/mjcf/assets
[2.081s] copying mjcf/assets/outer_skin_collision_4.stl -> /workspace/LeapXELA_Hardware_ws/install/xela_description/share/xela_description/mjcf/assets
[2.082s] copying mjcf/assets/p2_unified.stl -> /workspace/LeapXELA_Hardware_ws/install/xela_description/share/xela_description/mjcf/assets
[2.083s] copying mjcf/assets/p2_unified.part -> /workspace/LeapXELA_Hardware_ws/install/xela_description/share/xela_description/mjcf/assets
[2.083s] copying mjcf/assets/thp2_unified.part -> /workspace/LeapXELA_Hardware_ws/install/xela_description/share/xela_description/mjcf/assets
[2.083s] creating /workspace/LeapXELA_Hardware_ws/install/xela_description/share/xela_description/mjcf/assets/meshes
[2.084s] copying mjcf/assets/meshes/leap_mount.obj -> /workspace/LeapXELA_Hardware_ws/install/xela_description/share/xela_description/mjcf/assets/meshes
[2.084s] copying mjcf/assets/meshes/dex_cube.obj -> /workspace/LeapXELA_Hardware_ws/install/xela_description/share/xela_description/mjcf/assets/meshes
[2.084s] creating /workspace/LeapXELA_Hardware_ws/install/xela_description/share/xela_description/mjcf/leapxela
[2.084s] copying mjcf/leapxela/touch_sensor.py -> /workspace/LeapXELA_Hardware_ws/install/xela_description/share/xela_description/mjcf/leapxela
[2.084s] copying mjcf/leapxela/taxel_layout.py -> /workspace/LeapXELA_Hardware_ws/install/xela_description/share/xela_description/mjcf/leapxela
[2.085s] copying mjcf/leapxela/scene_builder.py -> /workspace/LeapXELA_Hardware_ws/install/xela_description/share/xela_description/mjcf/leapxela
[2.085s] copying mjcf/leapxela/taxel_images.py -> /workspace/LeapXELA_Hardware_ws/install/xela_description/share/xela_description/mjcf/leapxela
[2.085s] copying mjcf/leapxela/inhand_controller.py -> /workspace/LeapXELA_Hardware_ws/install/xela_description/share/xela_description/mjcf/leapxela
[2.085s] copying mjcf/leapxela/visualize_taxel_layout.py -> /workspace/LeapXELA_Hardware_ws/install/xela_description/share/xela_description/mjcf/leapxela
[2.085s] copying mjcf/leapxela/taxel_tip_pos.md -> /workspace/LeapXELA_Hardware_ws/install/xela_description/share/xela_description/mjcf/leapxela
[2.086s] creating /workspace/LeapXELA_Hardware_ws/install/xela_description/share/xela_description/mjcf/leapxela/leapXela_pointcloud
[2.086s] copying mjcf/leapxela/leapXela_pointcloud/find_and_store_sites_for_4_6.py -> /workspace/LeapXELA_Hardware_ws/install/xela_description/share/xela_description/mjcf/leapxela/leapXela_pointcloud
[2.086s] copying mjcf/leapxela/leapXela_pointcloud/scene.xml -> /workspace/LeapXELA_Hardware_ws/install/xela_description/share/xela_description/mjcf/leapxela/leapXela_pointcloud
[2.086s] copying mjcf/leapxela/leapXela_pointcloud/attach_sensors_to_sites.py -> /workspace/LeapXELA_Hardware_ws/install/xela_description/share/xela_description/mjcf/leapxela/leapXela_pointcloud
[2.086s] copying mjcf/leapxela/leapXela_pointcloud/4x6.stl -> /workspace/LeapXELA_Hardware_ws/install/xela_description/share/xela_description/mjcf/leapxela/leapXela_pointcloud
[2.087s] copying mjcf/leapxela/leapXela_pointcloud/config.json -> /workspace/LeapXELA_Hardware_ws/install/xela_description/share/xela_description/mjcf/leapxela/leapXela_pointcloud
[2.087s] copying mjcf/leapxela/leapXela_pointcloud/robot.xml -> /workspace/LeapXELA_Hardware_ws/install/xela_description/share/xela_description/mjcf/leapxela/leapXela_pointcloud
[2.087s] copying mjcf/leapxela/leapXela_pointcloud/4_6_sites.json -> /workspace/LeapXELA_Hardware_ws/install/xela_description/share/xela_description/mjcf/leapxela/leapXela_pointcloud
[2.088s] copying mjcf/leapxela/leapXela_pointcloud/robot_with_sensors.xml -> /workspace/LeapXELA_Hardware_ws/install/xela_description/share/xela_description/mjcf/leapxela/leapXela_pointcloud
[2.089s] copying mjcf/leapxela/leapXela_pointcloud/4_6.xml -> /workspace/LeapXELA_Hardware_ws/install/xela_description/share/xela_description/mjcf/leapxela/leapXela_pointcloud
[2.089s] copying mjcf/leapxela/leapXela_pointcloud/fingertip.xml -> /workspace/LeapXELA_Hardware_ws/install/xela_description/share/xela_description/mjcf/leapxela/leapXela_pointcloud
[2.089s] copying mjcf/leapxela/leapXela_pointcloud/add_sites_to_robot.py -> /workspace/LeapXELA_Hardware_ws/install/xela_description/share/xela_description/mjcf/leapxela/leapXela_pointcloud
[2.089s] copying mjcf/leapxela/leapXela_pointcloud/fingertip_magnet_pose.json -> /workspace/LeapXELA_Hardware_ws/install/xela_description/share/xela_description/mjcf/leapxela/leapXela_pointcloud
[2.089s] copying mjcf/leapxela/leapXela_pointcloud/4_4_sites.json -> /workspace/LeapXELA_Hardware_ws/install/xela_description/share/xela_description/mjcf/leapxela/leapXela_pointcloud
[2.090s] copying mjcf/leapxela/leapXela_pointcloud/robot_with_sites.xml -> /workspace/LeapXELA_Hardware_ws/install/xela_description/share/xela_description/mjcf/leapxela/leapXela_pointcloud
[2.090s] copying mjcf/leapxela/leapXela_pointcloud/produce_json.py -> /workspace/LeapXELA_Hardware_ws/install/xela_description/share/xela_description/mjcf/leapxela/leapXela_pointcloud
[2.090s] creating /workspace/LeapXELA_Hardware_ws/install/xela_description/share/xela_description/mjcf/leapxela/leapXela_pointcloud/assets
[2.090s] copying mjcf/leapxela/leapXela_pointcloud/assets/p4_unified.stl -> /workspace/LeapXELA_Hardware_ws/install/xela_description/share/xela_description/mjcf/leapxela/leapXela_pointcloud/assets
[2.092s] copying mjcf/leapxela/leapXela_pointcloud/assets/thp0_unified.stl -> /workspace/LeapXELA_Hardware_ws/install/xela_description/share/xela_description/mjcf/leapxela/leapXela_pointcloud/assets
[2.093s] copying mjcf/leapxela/leapXela_pointcloud/assets/p5_unified.stl -> /workspace/LeapXELA_Hardware_ws/install/xela_description/share/xela_description/mjcf/leapxela/leapXela_pointcloud/assets
[2.094s] copying mjcf/leapxela/leapXela_pointcloud/assets/servo_unified.stl -> /workspace/LeapXELA_Hardware_ws/install/xela_description/share/xela_description/mjcf/leapxela/leapXela_pointcloud/assets
[2.095s] copying mjcf/leapxela/leapXela_pointcloud/assets/palm_face.part -> /workspace/LeapXELA_Hardware_ws/install/xela_description/share/xela_description/mjcf/leapxela/leapXela_pointcloud/assets
[2.095s] copying mjcf/leapxela/leapXela_pointcloud/assets/fingertip_fix.stl -> /workspace/LeapXELA_Hardware_ws/install/xela_description/share/xela_description/mjcf/leapxela/leapXela_pointcloud/assets
[2.096s] copying mjcf/leapxela/leapXela_pointcloud/assets/part_2.stl -> /workspace/LeapXELA_Hardware_ws/install/xela_description/share/xela_description/mjcf/leapxela/leapXela_pointcloud/assets
[2.096s] copying mjcf/leapxela/leapXela_pointcloud/assets/thconnector.stl -> /workspace/LeapXELA_Hardware_ws/install/xela_description/share/xela_description/mjcf/leapxela/leapXela_pointcloud/assets
[2.097s] copying mjcf/leapxela/leapXela_pointcloud/assets/part10.part -> /workspace/LeapXELA_Hardware_ws/install/xela_description/share/xela_description/mjcf/leapxela/leapXela_pointcloud/assets
[2.097s] copying mjcf/leapxela/leapXela_pointcloud/assets/4_6_origin.part -> /workspace/LeapXELA_Hardware_ws/install/xela_description/share/xela_description/mjcf/leapxela/leapXela_pointcloud/assets
[2.098s] copying mjcf/leapxela/leapXela_pointcloud/assets/p3_unified.part -> /workspace/LeapXELA_Hardware_ws/install/xela_description/share/xela_description/mjcf/leapxela/leapXela_pointcloud/assets
[2.098s] copying mjcf/leapxela/leapXela_pointcloud/assets/part10.stl -> /workspace/LeapXELA_Hardware_ws/install/xela_description/share/xela_description/mjcf/leapxela/leapXela_pointcloud/assets
[2.099s] copying mjcf/leapxela/leapXela_pointcloud/assets/thp1_unified.part -> /workspace/LeapXELA_Hardware_ws/install/xela_description/share/xela_description/mjcf/leapxela/leapXela_pointcloud/assets
[2.099s] copying mjcf/leapxela/leapXela_pointcloud/assets/top_palm.stl -> /workspace/LeapXELA_Hardware_ws/install/xela_description/share/xela_description/mjcf/leapxela/leapXela_pointcloud/assets
[2.101s] copying mjcf/leapxela/leapXela_pointcloud/assets/4x6.stl -> /workspace/LeapXELA_Hardware_ws/install/xela_description/share/xela_description/mjcf/leapxela/leapXela_pointcloud/assets
[2.101s] copying mjcf/leapxela/leapXela_pointcloud/assets/fingertip_fix.part -> /workspace/LeapXELA_Hardware_ws/install/xela_description/share/xela_description/mjcf/leapxela/leapXela_pointcloud/assets
[2.101s] copying mjcf/leapxela/leapXela_pointcloud/assets/leap_hand_xela_motorholder.part -> /workspace/LeapXELA_Hardware_ws/install/xela_description/share/xela_description/mjcf/leapxela/leapXela_pointcloud/assets
[2.102s] copying mjcf/leapxela/leapXela_pointcloud/assets/clipper.part -> /workspace/LeapXELA_Hardware_ws/install/xela_description/share/xela_description/mjcf/leapxela/leapXela_pointcloud/assets
[2.102s] copying mjcf/leapxela/leapXela_pointcloud/assets/uspa46.stl -> /workspace/LeapXELA_Hardware_ws/install/xela_description/share/xela_description/mjcf/leapxela/leapXela_pointcloud/assets
[2.102s] copying mjcf/leapxela/leapXela_pointcloud/assets/leap_hand_xela_motorholder.stl -> /workspace/LeapXELA_Hardware_ws/install/xela_description/share/xela_description/mjcf/leapxela/leapXela_pointcloud/assets
[2.103s] copying mjcf/leapxela/leapXela_pointcloud/assets/leap_hand_xela_bottom.stl -> /workspace/LeapXELA_Hardware_ws/install/xela_description/share/xela_description/mjcf/leapxela/leapXela_pointcloud/assets
[2.105s] copying mjcf/leapxela/leapXela_pointcloud/assets/pointcloud.part -> /workspace/LeapXELA_Hardware_ws/install/xela_description/share/xela_description/mjcf/leapxela/leapXela_pointcloud/assets
[2.105s] copying mjcf/leapxela/leapXela_pointcloud/assets/origin.part -> /workspace/LeapXELA_Hardware_ws/install/xela_description/share/xela_description/mjcf/leapxela/leapXela_pointcloud/assets
[2.105s] copying mjcf/leapxela/leapXela_pointcloud/assets/leap_hand_xela_side_cover.stl -> /workspace/LeapXELA_Hardware_ws/install/xela_description/share/xela_description/mjcf/leapxela/leapXela_pointcloud/assets
[2.105s] copying mjcf/leapxela/leapXela_pointcloud/assets/part_2.part -> /workspace/LeapXELA_Hardware_ws/install/xela_description/share/xela_description/mjcf/leapxela/leapXela_pointcloud/assets
[2.105s] copying mjcf/leapxela/leapXela_pointcloud/assets/p5_unified.part -> /workspace/LeapXELA_Hardware_ws/install/xela_description/share/xela_description/mjcf/leapxela/leapXela_pointcloud/assets
[2.106s] copying mjcf/leapxela/leapXela_pointcloud/assets/ft_f.stl -> /workspace/LeapXELA_Hardware_ws/install/xela_description/share/xela_description/mjcf/leapxela/leapXela_pointcloud/assets
[2.112s] copying mjcf/leapxela/leapXela_pointcloud/assets/p4_unified.part -> /workspace/LeapXELA_Hardware_ws/install/xela_description/share/xela_description/mjcf/leapxela/leapXela_pointcloud/assets
[2.112s] copying mjcf/leapxela/leapXela_pointcloud/assets/origin.stl -> /workspace/LeapXELA_Hardware_ws/install/xela_description/share/xela_description/mjcf/leapxela/leapXela_pointcloud/assets
[2.113s] copying mjcf/leapxela/leapXela_pointcloud/assets/leap_hand_xela_side_cover.part -> /workspace/LeapXELA_Hardware_ws/install/xela_description/share/xela_description/mjcf/leapxela/leapXela_pointcloud/assets
[2.114s] copying mjcf/leapxela/leapXela_pointcloud/assets/clipper.stl -> /workspace/LeapXELA_Hardware_ws/install/xela_description/share/xela_description/mjcf/leapxela/leapXela_pointcloud/assets
[2.115s] copying mjcf/leapxela/leapXela_pointcloud/assets/ft_c.stl -> /workspace/LeapXELA_Hardware_ws/install/xela_description/share/xela_description/mjcf/leapxela/leapXela_pointcloud/assets
[2.115s] copying mjcf/leapxela/leapXela_pointcloud/assets/uspa46.part -> /workspace/LeapXELA_Hardware_ws/install/xela_description/share/xela_description/mjcf/leapxela/leapXela_pointcloud/assets
[2.115s] copying mjcf/leapxela/leapXela_pointcloud/assets/leap_hand_xela_back_cover.stl -> /workspace/LeapXELA_Hardware_ws/install/xela_description/share/xela_description/mjcf/leapxela/leapXela_pointcloud/assets
[2.116s] copying mjcf/leapxela/leapXela_pointcloud/assets/top_palm.part -> /workspace/LeapXELA_Hardware_ws/install/xela_description/share/xela_description/mjcf/leapxela/leapXela_pointcloud/assets
[2.116s] copying mjcf/leapxela/leapXela_pointcloud/assets/palm_face.stl -> /workspace/LeapXELA_Hardware_ws/install/xela_description/share/xela_description/mjcf/leapxela/leapXela_pointcloud/assets
[2.118s] copying mjcf/leapxela/leapXela_pointcloud/assets/outer_skin_v1_3_1.part -> /workspace/LeapXELA_Hardware_ws/install/xela_description/share/xela_description/mjcf/leapxela/leapXela_pointcloud/assets
[2.118s] copying mjcf/leapxela/leapXela_pointcloud/assets/outer_skin_v1_3_1.stl -> /workspace/LeapXELA_Hardware_ws/install/xela_description/share/xela_description/mjcf/leapxela/leapXela_pointcloud/assets
[2.119s] copying mjcf/leapxela/leapXela_pointcloud/assets/thp1_unified.stl -> /workspace/LeapXELA_Hardware_ws/install/xela_description/share/xela_description/mjcf/leapxela/leapXela_pointcloud/assets
[2.120s] copying mjcf/leapxela/leapXela_pointcloud/assets/thconnector.part -> /workspace/LeapXELA_Hardware_ws/install/xela_description/share/xela_description/mjcf/leapxela/leapXela_pointcloud/assets
[2.120s] copying mjcf/leapxela/leapXela_pointcloud/assets/thp0_unified.part -> /workspace/LeapXELA_Hardware_ws/install/xela_description/share/xela_description/mjcf/leapxela/leapXela_pointcloud/assets
[2.120s] copying mjcf/leapxela/leapXela_pointcloud/assets/leap_hand_xela_back_cover.part -> /workspace/LeapXELA_Hardware_ws/install/xela_description/share/xela_description/mjcf/leapxela/leapXela_pointcloud/assets
[2.121s] copying mjcf/leapxela/leapXela_pointcloud/assets/p3_unified.stl -> /workspace/LeapXELA_Hardware_ws/install/xela_description/share/xela_description/mjcf/leapxela/leapXela_pointcloud/assets
[2.122s] copying mjcf/leapxela/leapXela_pointcloud/assets/leap_hand_xela_bottom.part -> /workspace/LeapXELA_Hardware_ws/install/xela_description/share/xela_description/mjcf/leapxela/leapXela_pointcloud/assets
[2.122s] copying mjcf/leapxela/leapXela_pointcloud/assets/pointcloud.stl -> /workspace/LeapXELA_Hardware_ws/install/xela_description/share/xela_description/mjcf/leapxela/leapXela_pointcloud/assets
[2.123s] copying mjcf/leapxela/leapXela_pointcloud/assets/thp2_unified.stl -> /workspace/LeapXELA_Hardware_ws/install/xela_description/share/xela_description/mjcf/leapxela/leapXela_pointcloud/assets
[2.124s] copying mjcf/leapxela/leapXela_pointcloud/assets/p2_unified.stl -> /workspace/LeapXELA_Hardware_ws/install/xela_description/share/xela_description/mjcf/leapxela/leapXela_pointcloud/assets
[2.126s] copying mjcf/leapxela/leapXela_pointcloud/assets/4_6_origin.stl -> /workspace/LeapXELA_Hardware_ws/install/xela_description/share/xela_description/mjcf/leapxela/leapXela_pointcloud/assets
[2.126s] copying mjcf/leapxela/leapXela_pointcloud/assets/p2_unified.part -> /workspace/LeapXELA_Hardware_ws/install/xela_description/share/xela_description/mjcf/leapxela/leapXela_pointcloud/assets
[2.126s] copying mjcf/leapxela/leapXela_pointcloud/assets/thp2_unified.part -> /workspace/LeapXELA_Hardware_ws/install/xela_description/share/xela_description/mjcf/leapxela/leapXela_pointcloud/assets
[2.126s] copying mjcf/leapxela/leapXela_pointcloud/assets/servo_unified.part -> /workspace/LeapXELA_Hardware_ws/install/xela_description/share/xela_description/mjcf/leapxela/leapXela_pointcloud/assets
[2.127s] creating /workspace/LeapXELA_Hardware_ws/install/xela_description/share/xela_description/mjcf/leapxela/__pycache__
[2.127s] copying mjcf/leapxela/__pycache__/taxel_layout.cpython-310.pyc -> /workspace/LeapXELA_Hardware_ws/install/xela_description/share/xela_description/mjcf/leapxela/__pycache__
[2.127s] copying mjcf/leapxela/__pycache__/taxel_layout.cpython-312.pyc -> /workspace/LeapXELA_Hardware_ws/install/xela_description/share/xela_description/mjcf/leapxela/__pycache__
[2.127s] creating /workspace/LeapXELA_Hardware_ws/install/xela_description/share/xela_description/mjcf/leapxela/data/leapxela_debug/layout
[2.127s] copying mjcf/leapxela/data/leapxela_debug/layout/layout_closeup_fingers.png -> /workspace/LeapXELA_Hardware_ws/install/xela_description/share/xela_description/mjcf/leapxela/data/leapxela_debug/layout
[2.128s] copying mjcf/leapxela/data/leapxela_debug/layout/layout_fixed.png -> /workspace/LeapXELA_Hardware_ws/install/xela_description/share/xela_description/mjcf/leapxela/data/leapxela_debug/layout
[2.129s] copying mjcf/leapxela/data/leapxela_debug/layout/layout_closeup_thumb.png -> /workspace/LeapXELA_Hardware_ws/install/xela_description/share/xela_description/mjcf/leapxela/data/leapxela_debug/layout
[2.130s] copying mjcf/leapxela/data/leapxela_debug/layout/layout_top.png -> /workspace/LeapXELA_Hardware_ws/install/xela_description/share/xela_description/mjcf/leapxela/data/leapxela_debug/layout
[2.131s] creating /workspace/LeapXELA_Hardware_ws/install/xela_description/share/xela_description/mjcf/flex_sensor_heatmaps
[2.131s] copying mjcf/flex_sensor_heatmaps/if_tip.png -> /workspace/LeapXELA_Hardware_ws/install/xela_description/share/xela_description/mjcf/flex_sensor_heatmaps
[2.131s] copying mjcf/flex_sensor_heatmaps/if_bs_uspa44.png -> /workspace/LeapXELA_Hardware_ws/install/xela_description/share/xela_description/mjcf/flex_sensor_heatmaps
[2.131s] copying mjcf/flex_sensor_heatmaps/mf_px_uspa44.png -> /workspace/LeapXELA_Hardware_ws/install/xela_description/share/xela_description/mjcf/flex_sensor_heatmaps
[2.131s] copying mjcf/flex_sensor_heatmaps/rf_tip.png -> /workspace/LeapXELA_Hardware_ws/install/xela_description/share/xela_description/mjcf/flex_sensor_heatmaps
[2.132s] copying mjcf/flex_sensor_heatmaps/mf_bs_uspa44.png -> /workspace/LeapXELA_Hardware_ws/install/xela_description/share/xela_description/mjcf/flex_sensor_heatmaps
[2.132s] copying mjcf/flex_sensor_heatmaps/rf_px_uspa44.png -> /workspace/LeapXELA_Hardware_ws/install/xela_description/share/xela_description/mjcf/flex_sensor_heatmaps
[2.132s] copying mjcf/flex_sensor_heatmaps/rf_md_uspa44.png -> /workspace/LeapXELA_Hardware_ws/install/xela_description/share/xela_description/mjcf/flex_sensor_heatmaps
[2.132s] copying mjcf/flex_sensor_heatmaps/hand_taxel_heatmap.png -> /workspace/LeapXELA_Hardware_ws/install/xela_description/share/xela_description/mjcf/flex_sensor_heatmaps
[2.133s] copying mjcf/flex_sensor_heatmaps/uspa46_2.png -> /workspace/LeapXELA_Hardware_ws/install/xela_description/share/xela_description/mjcf/flex_sensor_heatmaps
[2.133s] copying mjcf/flex_sensor_heatmaps/th_ds_uspa44.png -> /workspace/LeapXELA_Hardware_ws/install/xela_description/share/xela_description/mjcf/flex_sensor_heatmaps
[2.133s] copying mjcf/flex_sensor_heatmaps/rf_bs_uspa44.png -> /workspace/LeapXELA_Hardware_ws/install/xela_description/share/xela_description/mjcf/flex_sensor_heatmaps
[2.134s] copying mjcf/flex_sensor_heatmaps/if_md_uspa44.png -> /workspace/LeapXELA_Hardware_ws/install/xela_description/share/xela_description/mjcf/flex_sensor_heatmaps
[2.134s] copying mjcf/flex_sensor_heatmaps/if_px_uspa44.png -> /workspace/LeapXELA_Hardware_ws/install/xela_description/share/xela_description/mjcf/flex_sensor_heatmaps
[2.134s] copying mjcf/flex_sensor_heatmaps/th_tip.png -> /workspace/LeapXELA_Hardware_ws/install/xela_description/share/xela_description/mjcf/flex_sensor_heatmaps
[2.134s] copying mjcf/flex_sensor_heatmaps/uspa46_1.png -> /workspace/LeapXELA_Hardware_ws/install/xela_description/share/xela_description/mjcf/flex_sensor_heatmaps
[2.134s] copying mjcf/flex_sensor_heatmaps/th_px_uspa44.png -> /workspace/LeapXELA_Hardware_ws/install/xela_description/share/xela_description/mjcf/flex_sensor_heatmaps
[2.135s] copying mjcf/flex_sensor_heatmaps/mf_md_uspa44.png -> /workspace/LeapXELA_Hardware_ws/install/xela_description/share/xela_description/mjcf/flex_sensor_heatmaps
[2.135s] copying mjcf/flex_sensor_heatmaps/uspa46_3.png -> /workspace/LeapXELA_Hardware_ws/install/xela_description/share/xela_description/mjcf/flex_sensor_heatmaps
[2.135s] copying mjcf/flex_sensor_heatmaps/mf_tip.png -> /workspace/LeapXELA_Hardware_ws/install/xela_description/share/xela_description/mjcf/flex_sensor_heatmaps
[2.135s] creating /workspace/LeapXELA_Hardware_ws/install/xela_description/share/xela_description/mjcf/meshes
[2.136s] copying mjcf/meshes/leap_mount.obj -> /workspace/LeapXELA_Hardware_ws/install/xela_description/share/xela_description/mjcf/meshes
[2.136s] copying mjcf/meshes/dex_cube.obj -> /workspace/LeapXELA_Hardware_ws/install/xela_description/share/xela_description/mjcf/meshes
[2.136s] creating /workspace/LeapXELA_Hardware_ws/install/xela_description/share/xela_description/assets
[2.136s] copying urdf/assets/fingertop_unfied.part -> /workspace/LeapXELA_Hardware_ws/install/xela_description/share/xela_description/assets
[2.136s] copying urdf/assets/p4_unified.stl -> /workspace/LeapXELA_Hardware_ws/install/xela_description/share/xela_description/assets
[2.138s] copying urdf/assets/thp0_unified.stl -> /workspace/LeapXELA_Hardware_ws/install/xela_description/share/xela_description/assets
[2.139s] copying urdf/assets/fingertop_unfied.stl -> /workspace/LeapXELA_Hardware_ws/install/xela_description/share/xela_description/assets
[2.140s] copying urdf/assets/p5_unified.stl -> /workspace/LeapXELA_Hardware_ws/install/xela_description/share/xela_description/assets
[2.141s] copying urdf/assets/palm_face.part -> /workspace/LeapXELA_Hardware_ws/install/xela_description/share/xela_description/assets
[2.141s] copying urdf/assets/thfingertip_unified.part -> /workspace/LeapXELA_Hardware_ws/install/xela_description/share/xela_description/assets
[2.141s] copying urdf/assets/thconnector.stl -> /workspace/LeapXELA_Hardware_ws/install/xela_description/share/xela_description/assets
[2.142s] copying urdf/assets/p3_unified.part -> /workspace/LeapXELA_Hardware_ws/install/xela_description/share/xela_description/assets
[2.142s] copying urdf/assets/thp1_unified.part -> /workspace/LeapXELA_Hardware_ws/install/xela_description/share/xela_description/assets
[2.143s] copying urdf/assets/top_palm.stl -> /workspace/LeapXELA_Hardware_ws/install/xela_description/share/xela_description/assets
[2.144s] copying urdf/assets/leap_hand_xela_motorholder.part -> /workspace/LeapXELA_Hardware_ws/install/xela_description/share/xela_description/assets
[2.144s] copying urdf/assets/clipper.part -> /workspace/LeapXELA_Hardware_ws/install/xela_description/share/xela_description/assets
[2.144s] copying urdf/assets/uspa46.stl -> /workspace/LeapXELA_Hardware_ws/install/xela_description/share/xela_description/assets
[2.144s] copying urdf/assets/leap_hand_xela_motorholder.stl -> /workspace/LeapXELA_Hardware_ws/install/xela_description/share/xela_description/assets
[2.145s] copying urdf/assets/leap_hand_xela_bottom.stl -> /workspace/LeapXELA_Hardware_ws/install/xela_description/share/xela_description/assets
[2.147s] copying urdf/assets/leap_hand_xela_side_cover.stl -> /workspace/LeapXELA_Hardware_ws/install/xela_description/share/xela_description/assets
[2.147s] copying urdf/assets/p5_unified.part -> /workspace/LeapXELA_Hardware_ws/install/xela_description/share/xela_description/assets
[2.147s] copying urdf/assets/p4_unified.part -> /workspace/LeapXELA_Hardware_ws/install/xela_description/share/xela_description/assets
[2.147s] copying urdf/assets/leap_hand_xela_side_cover.part -> /workspace/LeapXELA_Hardware_ws/install/xela_description/share/xela_description/assets
[2.148s] copying urdf/assets/clipper.stl -> /workspace/LeapXELA_Hardware_ws/install/xela_description/share/xela_description/assets
[2.148s] copying urdf/assets/uspa46.part -> /workspace/LeapXELA_Hardware_ws/install/xela_description/share/xela_description/assets
[2.148s] copying urdf/assets/thfingertip_unified.stl -> /workspace/LeapXELA_Hardware_ws/install/xela_description/share/xela_description/assets
[2.151s] copying urdf/assets/leap_hand_xela_back_cover.stl -> /workspace/LeapXELA_Hardware_ws/install/xela_description/share/xela_description/assets
[2.151s] copying urdf/assets/top_palm.part -> /workspace/LeapXELA_Hardware_ws/install/xela_description/share/xela_description/assets
[2.151s] copying urdf/assets/palm_face.stl -> /workspace/LeapXELA_Hardware_ws/install/xela_description/share/xela_description/assets
[2.152s] copying urdf/assets/thp1_unified.stl -> /workspace/LeapXELA_Hardware_ws/install/xela_description/share/xela_description/assets
[2.153s] copying urdf/assets/thconnector.part -> /workspace/LeapXELA_Hardware_ws/install/xela_description/share/xela_description/assets
[2.153s] copying urdf/assets/thp0_unified.part -> /workspace/LeapXELA_Hardware_ws/install/xela_description/share/xela_description/assets
[2.154s] copying urdf/assets/leap_hand_xela_back_cover.part -> /workspace/LeapXELA_Hardware_ws/install/xela_description/share/xela_description/assets
[2.154s] copying urdf/assets/p3_unified.stl -> /workspace/LeapXELA_Hardware_ws/install/xela_description/share/xela_description/assets
[2.155s] copying urdf/assets/leap_hand_xela_bottom.part -> /workspace/LeapXELA_Hardware_ws/install/xela_description/share/xela_description/assets
[2.155s] copying urdf/assets/thp2_unified.stl -> /workspace/LeapXELA_Hardware_ws/install/xela_description/share/xela_description/assets
[2.156s] copying urdf/assets/p2_unified.stl -> /workspace/LeapXELA_Hardware_ws/install/xela_description/share/xela_description/assets
[2.157s] copying urdf/assets/p2_unified.part -> /workspace/LeapXELA_Hardware_ws/install/xela_description/share/xela_description/assets
[2.157s] copying urdf/assets/thp2_unified.part -> /workspace/LeapXELA_Hardware_ws/install/xela_description/share/xela_description/assets
[2.158s] running install_egg_info
[2.195s] Copying ../../../build/xela_description/xela_description.egg-info to /workspace/LeapXELA_Hardware_ws/install/xela_description/lib/python3.10/site-packages/xela_description-0.0.0-py3.10.egg-info
[2.196s] running install_scripts
[2.278s] Installing visulize script to /workspace/LeapXELA_Hardware_ws/install/xela_description/lib/xela_description
[2.278s] Installing visulize_finger script to /workspace/LeapXELA_Hardware_ws/install/xela_description/lib/xela_description
[2.279s] Installing visulize_hand script to /workspace/LeapXELA_Hardware_ws/install/xela_description/lib/xela_description
[2.279s] Installing visulize_mjcf script to /workspace/LeapXELA_Hardware_ws/install/xela_description/lib/xela_description
[2.279s] Installing visulize_palm script to /workspace/LeapXELA_Hardware_ws/install/xela_description/lib/xela_description
[2.279s] Installing visulize_thumb script to /workspace/LeapXELA_Hardware_ws/install/xela_description/lib/xela_description
[2.281s] writing list of installed files to '/workspace/LeapXELA_Hardware_ws/build/xela_description/install.log'
[2.320s] Invoked command in '/workspace/LeapXELA_Hardware_ws/ros_ws/src/xela_description' returned '0': PYTHONPATH=/workspace/LeapXELA_Hardware_ws/build/xela_description/prefix_override:/usr/lib/python3/dist-packages/colcon_core/task/python/colcon_distutils_commands:/workspace/LeapXELA_Hardware_ws/install/xela_description/lib/python3.10/site-packages:${PYTHONPATH} /usr/bin/python3 -W ignore:setup.py install is deprecated -W ignore:easy_install command is deprecated setup.py egg_info --egg-base ../../../build/xela_description build --build-base /workspace/LeapXELA_Hardware_ws/build/xela_description/build install --record /workspace/LeapXELA_Hardware_ws/build/xela_description/install.log --single-version-externally-managed install_data
