/workspace/LeapXELA_Hardware_ws/install/xela_description/lib/python3.10/site-packages/mjcf/__init__.py
/workspace/LeapXELA_Hardware_ws/install/xela_description/lib/python3.10/site-packages/mjcf/add_touch_point_cloud_to_model.py
/workspace/LeapXELA_Hardware_ws/install/xela_description/lib/python3.10/site-packages/mjcf/generatehand_flexcom_sensor.py
/workspace/LeapXELA_Hardware_ws/install/xela_description/lib/python3.10/site-packages/mjcf/visulize_mjcf.py
/workspace/LeapXELA_Hardware_ws/install/xela_description/lib/python3.10/site-packages/mjcf/leap_taxel_map.py
/workspace/LeapXELA_Hardware_ws/install/xela_description/lib/python3.10/site-packages/urdf/__init__.py
/workspace/LeapXELA_Hardware_ws/install/xela_description/lib/python3.10/site-packages/urdf/visulize_hand_node.py
/workspace/LeapXELA_Hardware_ws/install/xela_description/lib/python3.10/site-packages/urdf/visulize_finger_node.py
/workspace/LeapXELA_Hardware_ws/install/xela_description/lib/python3.10/site-packages/urdf/visulize_node.py
/workspace/LeapXELA_Hardware_ws/install/xela_description/lib/python3.10/site-packages/urdf/list_to_string.py
/workspace/LeapXELA_Hardware_ws/install/xela_description/lib/python3.10/site-packages/urdf/finger.py
/workspace/LeapXELA_Hardware_ws/install/xela_description/lib/python3.10/site-packages/urdf/visulize_palm_node.py
/workspace/LeapXELA_Hardware_ws/install/xela_description/lib/python3.10/site-packages/urdf/thumb.py
/workspace/LeapXELA_Hardware_ws/install/xela_description/lib/python3.10/site-packages/urdf/palm.py
/workspace/LeapXELA_Hardware_ws/install/xela_description/lib/python3.10/site-packages/urdf/visulize_thumb_node.py
/workspace/LeapXELA_Hardware_ws/install/xela_description/lib/python3.10/site-packages/urdf/hand.py
/workspace/LeapXELA_Hardware_ws/install/xela_description/lib/python3.10/site-packages/mjcf/__pycache__/__init__.cpython-310.pyc
/workspace/LeapXELA_Hardware_ws/install/xela_description/lib/python3.10/site-packages/mjcf/__pycache__/add_touch_point_cloud_to_model.cpython-310.pyc
/workspace/LeapXELA_Hardware_ws/install/xela_description/lib/python3.10/site-packages/mjcf/__pycache__/generatehand_flexcom_sensor.cpython-310.pyc
/workspace/LeapXELA_Hardware_ws/install/xela_description/lib/python3.10/site-packages/mjcf/__pycache__/visulize_mjcf.cpython-310.pyc
/workspace/LeapXELA_Hardware_ws/install/xela_description/lib/python3.10/site-packages/mjcf/__pycache__/leap_taxel_map.cpython-310.pyc
/workspace/LeapXELA_Hardware_ws/install/xela_description/lib/python3.10/site-packages/urdf/__pycache__/__init__.cpython-310.pyc
/workspace/LeapXELA_Hardware_ws/install/xela_description/lib/python3.10/site-packages/urdf/__pycache__/visulize_hand_node.cpython-310.pyc
/workspace/LeapXELA_Hardware_ws/install/xela_description/lib/python3.10/site-packages/urdf/__pycache__/visulize_finger_node.cpython-310.pyc
/workspace/LeapXELA_Hardware_ws/install/xela_description/lib/python3.10/site-packages/urdf/__pycache__/visulize_node.cpython-310.pyc
/workspace/LeapXELA_Hardware_ws/install/xela_description/lib/python3.10/site-packages/urdf/__pycache__/list_to_string.cpython-310.pyc
/workspace/LeapXELA_Hardware_ws/install/xela_description/lib/python3.10/site-packages/urdf/__pycache__/finger.cpython-310.pyc
/workspace/LeapXELA_Hardware_ws/install/xela_description/lib/python3.10/site-packages/urdf/__pycache__/visulize_palm_node.cpython-310.pyc
/workspace/LeapXELA_Hardware_ws/install/xela_description/lib/python3.10/site-packages/urdf/__pycache__/thumb.cpython-310.pyc
/workspace/LeapXELA_Hardware_ws/install/xela_description/lib/python3.10/site-packages/urdf/__pycache__/palm.cpython-310.pyc
/workspace/LeapXELA_Hardware_ws/install/xela_description/lib/python3.10/site-packages/urdf/__pycache__/visulize_thumb_node.cpython-310.pyc
/workspace/LeapXELA_Hardware_ws/install/xela_description/lib/python3.10/site-packages/urdf/__pycache__/hand.cpython-310.pyc
/workspace/LeapXELA_Hardware_ws/install/xela_description/share/ament_index/resource_index/packages/xela_description
/workspace/LeapXELA_Hardware_ws/install/xela_description/share/xela_description/package.xml
/workspace/LeapXELA_Hardware_ws/install/xela_description/share/xela_description/robot.urdf
/workspace/LeapXELA_Hardware_ws/install/xela_description/share/xela_description/finger.urdf
/workspace/LeapXELA_Hardware_ws/install/xela_description/share/xela_description/thumb.urdf
/workspace/LeapXELA_Hardware_ws/install/xela_description/share/xela_description/palm.urdf
/workspace/LeapXELA_Hardware_ws/install/xela_description/share/xela_description/hand.urdf
/workspace/LeapXELA_Hardware_ws/install/xela_description/share/xela_description/joint_config.json
/workspace/LeapXELA_Hardware_ws/install/xela_description/share/xela_description/launch/visulize.launch.py
/workspace/LeapXELA_Hardware_ws/install/xela_description/share/xela_description/launch/visulize_palm_launch.py
/workspace/LeapXELA_Hardware_ws/install/xela_description/share/xela_description/launch/visulize_mjcf_launch.py
/workspace/LeapXELA_Hardware_ws/install/xela_description/share/xela_description/launch/visulize_finger_launch.py
/workspace/LeapXELA_Hardware_ws/install/xela_description/share/xela_description/launch/visulize_thumb_launch.py
/workspace/LeapXELA_Hardware_ws/install/xela_description/share/xela_description/launch/visulize_hand_launch.py
/workspace/LeapXELA_Hardware_ws/install/xela_description/share/xela_description/launch/__pycache__/visulize_finger_launch.cpython-310.pyc
/workspace/LeapXELA_Hardware_ws/install/xela_description/share/xela_description/mjcf/leapXela_base_model.xml
/workspace/LeapXELA_Hardware_ws/install/xela_description/share/xela_description/mjcf/__init__.py
/workspace/LeapXELA_Hardware_ws/install/xela_description/share/xela_description/mjcf/add_touch_point_cloud_to_model.py
/workspace/LeapXELA_Hardware_ws/install/xela_description/share/xela_description/mjcf/leapXela_generated_flex_sensor.xml
/workspace/LeapXELA_Hardware_ws/install/xela_description/share/xela_description/mjcf/scene.xml
/workspace/LeapXELA_Hardware_ws/install/xela_description/share/xela_description/mjcf/scene_flex_sensor_Box.xml
/workspace/LeapXELA_Hardware_ws/install/xela_description/share/xela_description/mjcf/sensor_joints.json
/workspace/LeapXELA_Hardware_ws/install/xela_description/share/xela_description/mjcf/scene_touch_point_cloud.xml
/workspace/LeapXELA_Hardware_ws/install/xela_description/share/xela_description/mjcf/leapXela_touch_point_cloud.xml
/workspace/LeapXELA_Hardware_ws/install/xela_description/share/xela_description/mjcf/config.json
/workspace/LeapXELA_Hardware_ws/install/xela_description/share/xela_description/mjcf/generatehand_flexcom_sensor.py
/workspace/LeapXELA_Hardware_ws/install/xela_description/share/xela_description/mjcf/visulize_mjcf.py
/workspace/LeapXELA_Hardware_ws/install/xela_description/share/xela_description/mjcf/4_6_sites.json
/workspace/LeapXELA_Hardware_ws/install/xela_description/share/xela_description/mjcf/leap_taxel_map.py
/workspace/LeapXELA_Hardware_ws/install/xela_description/share/xela_description/mjcf/leap_sensor_taxel_map.json
/workspace/LeapXELA_Hardware_ws/install/xela_description/share/xela_description/mjcf/fingertip_magnet_pose.json
/workspace/LeapXELA_Hardware_ws/install/xela_description/share/xela_description/mjcf/4_4_sites.json
/workspace/LeapXELA_Hardware_ws/install/xela_description/share/xela_description/mjcf/assets/fingertop_unfied.part
/workspace/LeapXELA_Hardware_ws/install/xela_description/share/xela_description/mjcf/assets/p4_unified.stl
/workspace/LeapXELA_Hardware_ws/install/xela_description/share/xela_description/mjcf/assets/thp0_unified.stl
/workspace/LeapXELA_Hardware_ws/install/xela_description/share/xela_description/mjcf/assets/outer_skin_collision_1.stl
/workspace/LeapXELA_Hardware_ws/install/xela_description/share/xela_description/mjcf/assets/sphere.stl
/workspace/LeapXELA_Hardware_ws/install/xela_description/share/xela_description/mjcf/assets/fingertop_unfied.stl
/workspace/LeapXELA_Hardware_ws/install/xela_description/share/xela_description/mjcf/assets/p5_unified.stl
/workspace/LeapXELA_Hardware_ws/install/xela_description/share/xela_description/mjcf/assets/palm_face.part
/workspace/LeapXELA_Hardware_ws/install/xela_description/share/xela_description/mjcf/assets/thfingertip_unified.part
/workspace/LeapXELA_Hardware_ws/install/xela_description/share/xela_description/mjcf/assets/outer_skin_v1_3_1.stl.mtl
/workspace/LeapXELA_Hardware_ws/install/xela_description/share/xela_description/mjcf/assets/outer_skin_collision_2.stl
/workspace/LeapXELA_Hardware_ws/install/xela_description/share/xela_description/mjcf/assets/thconnector.stl
/workspace/LeapXELA_Hardware_ws/install/xela_description/share/xela_description/mjcf/assets/p3_unified.part
/workspace/LeapXELA_Hardware_ws/install/xela_description/share/xela_description/mjcf/assets/outer_skin_collision_5.stl
/workspace/LeapXELA_Hardware_ws/install/xela_description/share/xela_description/mjcf/assets/thp1_unified.part
/workspace/LeapXELA_Hardware_ws/install/xela_description/share/xela_description/mjcf/assets/top_palm.stl
/workspace/LeapXELA_Hardware_ws/install/xela_description/share/xela_description/mjcf/assets/outer_skin_collision_6.stl
/workspace/LeapXELA_Hardware_ws/install/xela_description/share/xela_description/mjcf/assets/leap_hand_xela_motorholder.part
/workspace/LeapXELA_Hardware_ws/install/xela_description/share/xela_description/mjcf/assets/clipper.part
/workspace/LeapXELA_Hardware_ws/install/xela_description/share/xela_description/mjcf/assets/uspa46.stl
/workspace/LeapXELA_Hardware_ws/install/xela_description/share/xela_description/mjcf/assets/leap_hand_xela_motorholder.stl
/workspace/LeapXELA_Hardware_ws/install/xela_description/share/xela_description/mjcf/assets/leap_hand_xela_bottom.stl
/workspace/LeapXELA_Hardware_ws/install/xela_description/share/xela_description/mjcf/assets/leap_hand_xela_side_cover.stl
/workspace/LeapXELA_Hardware_ws/install/xela_description/share/xela_description/mjcf/assets/p5_unified.part
/workspace/LeapXELA_Hardware_ws/install/xela_description/share/xela_description/mjcf/assets/p4_unified.part
/workspace/LeapXELA_Hardware_ws/install/xela_description/share/xela_description/mjcf/assets/outer_skin_collision_3.stl
/workspace/LeapXELA_Hardware_ws/install/xela_description/share/xela_description/mjcf/assets/leap_hand_xela_side_cover.part
/workspace/LeapXELA_Hardware_ws/install/xela_description/share/xela_description/mjcf/assets/clipper.stl
/workspace/LeapXELA_Hardware_ws/install/xela_description/share/xela_description/mjcf/assets/uspa46.part
/workspace/LeapXELA_Hardware_ws/install/xela_description/share/xela_description/mjcf/assets/thfingertip_unified.stl
/workspace/LeapXELA_Hardware_ws/install/xela_description/share/xela_description/mjcf/assets/leap_hand_xela_back_cover.stl
/workspace/LeapXELA_Hardware_ws/install/xela_description/share/xela_description/mjcf/assets/top_palm.part
/workspace/LeapXELA_Hardware_ws/install/xela_description/share/xela_description/mjcf/assets/palm_face.stl
/workspace/LeapXELA_Hardware_ws/install/xela_description/share/xela_description/mjcf/assets/outer_skin_v1_3_1.part
/workspace/LeapXELA_Hardware_ws/install/xela_description/share/xela_description/mjcf/assets/outer_skin_v1_3_1.stl
/workspace/LeapXELA_Hardware_ws/install/xela_description/share/xela_description/mjcf/assets/thp1_unified.stl
/workspace/LeapXELA_Hardware_ws/install/xela_description/share/xela_description/mjcf/assets/thconnector.part
/workspace/LeapXELA_Hardware_ws/install/xela_description/share/xela_description/mjcf/assets/thp0_unified.part
/workspace/LeapXELA_Hardware_ws/install/xela_description/share/xela_description/mjcf/assets/outer_skin_v1_3_1.stl.obj
/workspace/LeapXELA_Hardware_ws/install/xela_description/share/xela_description/mjcf/assets/leap_hand_xela_back_cover.part
/workspace/LeapXELA_Hardware_ws/install/xela_description/share/xela_description/mjcf/assets/p3_unified.stl
/workspace/LeapXELA_Hardware_ws/install/xela_description/share/xela_description/mjcf/assets/leap_hand_xela_bottom.part
/workspace/LeapXELA_Hardware_ws/install/xela_description/share/xela_description/mjcf/assets/thp2_unified.stl
/workspace/LeapXELA_Hardware_ws/install/xela_description/share/xela_description/mjcf/assets/outer_skin_collision_4.stl
/workspace/LeapXELA_Hardware_ws/install/xela_description/share/xela_description/mjcf/assets/p2_unified.stl
/workspace/LeapXELA_Hardware_ws/install/xela_description/share/xela_description/mjcf/assets/p2_unified.part
/workspace/LeapXELA_Hardware_ws/install/xela_description/share/xela_description/mjcf/assets/thp2_unified.part
/workspace/LeapXELA_Hardware_ws/install/xela_description/share/xela_description/mjcf/assets/meshes/leap_mount.obj
/workspace/LeapXELA_Hardware_ws/install/xela_description/share/xela_description/mjcf/assets/meshes/dex_cube.obj
/workspace/LeapXELA_Hardware_ws/install/xela_description/share/xela_description/mjcf/leapxela/touch_sensor.py
/workspace/LeapXELA_Hardware_ws/install/xela_description/share/xela_description/mjcf/leapxela/taxel_layout.py
/workspace/LeapXELA_Hardware_ws/install/xela_description/share/xela_description/mjcf/leapxela/scene_builder.py
/workspace/LeapXELA_Hardware_ws/install/xela_description/share/xela_description/mjcf/leapxela/taxel_images.py
/workspace/LeapXELA_Hardware_ws/install/xela_description/share/xela_description/mjcf/leapxela/inhand_controller.py
/workspace/LeapXELA_Hardware_ws/install/xela_description/share/xela_description/mjcf/leapxela/visualize_taxel_layout.py
/workspace/LeapXELA_Hardware_ws/install/xela_description/share/xela_description/mjcf/leapxela/taxel_tip_pos.md
/workspace/LeapXELA_Hardware_ws/install/xela_description/share/xela_description/mjcf/leapxela/leapXela_pointcloud/find_and_store_sites_for_4_6.py
/workspace/LeapXELA_Hardware_ws/install/xela_description/share/xela_description/mjcf/leapxela/leapXela_pointcloud/scene.xml
/workspace/LeapXELA_Hardware_ws/install/xela_description/share/xela_description/mjcf/leapxela/leapXela_pointcloud/attach_sensors_to_sites.py
/workspace/LeapXELA_Hardware_ws/install/xela_description/share/xela_description/mjcf/leapxela/leapXela_pointcloud/4x6.stl
/workspace/LeapXELA_Hardware_ws/install/xela_description/share/xela_description/mjcf/leapxela/leapXela_pointcloud/config.json
/workspace/LeapXELA_Hardware_ws/install/xela_description/share/xela_description/mjcf/leapxela/leapXela_pointcloud/robot.xml
/workspace/LeapXELA_Hardware_ws/install/xela_description/share/xela_description/mjcf/leapxela/leapXela_pointcloud/4_6_sites.json
/workspace/LeapXELA_Hardware_ws/install/xela_description/share/xela_description/mjcf/leapxela/leapXela_pointcloud/robot_with_sensors.xml
/workspace/LeapXELA_Hardware_ws/install/xela_description/share/xela_description/mjcf/leapxela/leapXela_pointcloud/4_6.xml
/workspace/LeapXELA_Hardware_ws/install/xela_description/share/xela_description/mjcf/leapxela/leapXela_pointcloud/fingertip.xml
/workspace/LeapXELA_Hardware_ws/install/xela_description/share/xela_description/mjcf/leapxela/leapXela_pointcloud/add_sites_to_robot.py
/workspace/LeapXELA_Hardware_ws/install/xela_description/share/xela_description/mjcf/leapxela/leapXela_pointcloud/fingertip_magnet_pose.json
/workspace/LeapXELA_Hardware_ws/install/xela_description/share/xela_description/mjcf/leapxela/leapXela_pointcloud/4_4_sites.json
/workspace/LeapXELA_Hardware_ws/install/xela_description/share/xela_description/mjcf/leapxela/leapXela_pointcloud/robot_with_sites.xml
/workspace/LeapXELA_Hardware_ws/install/xela_description/share/xela_description/mjcf/leapxela/leapXela_pointcloud/produce_json.py
/workspace/LeapXELA_Hardware_ws/install/xela_description/share/xela_description/mjcf/leapxela/leapXela_pointcloud/assets/p4_unified.stl
/workspace/LeapXELA_Hardware_ws/install/xela_description/share/xela_description/mjcf/leapxela/leapXela_pointcloud/assets/thp0_unified.stl
/workspace/LeapXELA_Hardware_ws/install/xela_description/share/xela_description/mjcf/leapxela/leapXela_pointcloud/assets/p5_unified.stl
/workspace/LeapXELA_Hardware_ws/install/xela_description/share/xela_description/mjcf/leapxela/leapXela_pointcloud/assets/servo_unified.stl
/workspace/LeapXELA_Hardware_ws/install/xela_description/share/xela_description/mjcf/leapxela/leapXela_pointcloud/assets/palm_face.part
/workspace/LeapXELA_Hardware_ws/install/xela_description/share/xela_description/mjcf/leapxela/leapXela_pointcloud/assets/fingertip_fix.stl
/workspace/LeapXELA_Hardware_ws/install/xela_description/share/xela_description/mjcf/leapxela/leapXela_pointcloud/assets/part_2.stl
/workspace/LeapXELA_Hardware_ws/install/xela_description/share/xela_description/mjcf/leapxela/leapXela_pointcloud/assets/thconnector.stl
/workspace/LeapXELA_Hardware_ws/install/xela_description/share/xela_description/mjcf/leapxela/leapXela_pointcloud/assets/part10.part
/workspace/LeapXELA_Hardware_ws/install/xela_description/share/xela_description/mjcf/leapxela/leapXela_pointcloud/assets/4_6_origin.part
/workspace/LeapXELA_Hardware_ws/install/xela_description/share/xela_description/mjcf/leapxela/leapXela_pointcloud/assets/p3_unified.part
/workspace/LeapXELA_Hardware_ws/install/xela_description/share/xela_description/mjcf/leapxela/leapXela_pointcloud/assets/part10.stl
/workspace/LeapXELA_Hardware_ws/install/xela_description/share/xela_description/mjcf/leapxela/leapXela_pointcloud/assets/thp1_unified.part
/workspace/LeapXELA_Hardware_ws/install/xela_description/share/xela_description/mjcf/leapxela/leapXela_pointcloud/assets/top_palm.stl
/workspace/LeapXELA_Hardware_ws/install/xela_description/share/xela_description/mjcf/leapxela/leapXela_pointcloud/assets/4x6.stl
/workspace/LeapXELA_Hardware_ws/install/xela_description/share/xela_description/mjcf/leapxela/leapXela_pointcloud/assets/fingertip_fix.part
/workspace/LeapXELA_Hardware_ws/install/xela_description/share/xela_description/mjcf/leapxela/leapXela_pointcloud/assets/leap_hand_xela_motorholder.part
/workspace/LeapXELA_Hardware_ws/install/xela_description/share/xela_description/mjcf/leapxela/leapXela_pointcloud/assets/clipper.part
/workspace/LeapXELA_Hardware_ws/install/xela_description/share/xela_description/mjcf/leapxela/leapXela_pointcloud/assets/uspa46.stl
/workspace/LeapXELA_Hardware_ws/install/xela_description/share/xela_description/mjcf/leapxela/leapXela_pointcloud/assets/leap_hand_xela_motorholder.stl
/workspace/LeapXELA_Hardware_ws/install/xela_description/share/xela_description/mjcf/leapxela/leapXela_pointcloud/assets/leap_hand_xela_bottom.stl
/workspace/LeapXELA_Hardware_ws/install/xela_description/share/xela_description/mjcf/leapxela/leapXela_pointcloud/assets/pointcloud.part
/workspace/LeapXELA_Hardware_ws/install/xela_description/share/xela_description/mjcf/leapxela/leapXela_pointcloud/assets/origin.part
/workspace/LeapXELA_Hardware_ws/install/xela_description/share/xela_description/mjcf/leapxela/leapXela_pointcloud/assets/leap_hand_xela_side_cover.stl
/workspace/LeapXELA_Hardware_ws/install/xela_description/share/xela_description/mjcf/leapxela/leapXela_pointcloud/assets/part_2.part
/workspace/LeapXELA_Hardware_ws/install/xela_description/share/xela_description/mjcf/leapxela/leapXela_pointcloud/assets/p5_unified.part
/workspace/LeapXELA_Hardware_ws/install/xela_description/share/xela_description/mjcf/leapxela/leapXela_pointcloud/assets/ft_f.stl
/workspace/LeapXELA_Hardware_ws/install/xela_description/share/xela_description/mjcf/leapxela/leapXela_pointcloud/assets/p4_unified.part
/workspace/LeapXELA_Hardware_ws/install/xela_description/share/xela_description/mjcf/leapxela/leapXela_pointcloud/assets/origin.stl
/workspace/LeapXELA_Hardware_ws/install/xela_description/share/xela_description/mjcf/leapxela/leapXela_pointcloud/assets/leap_hand_xela_side_cover.part
/workspace/LeapXELA_Hardware_ws/install/xela_description/share/xela_description/mjcf/leapxela/leapXela_pointcloud/assets/clipper.stl
/workspace/LeapXELA_Hardware_ws/install/xela_description/share/xela_description/mjcf/leapxela/leapXela_pointcloud/assets/ft_c.stl
/workspace/LeapXELA_Hardware_ws/install/xela_description/share/xela_description/mjcf/leapxela/leapXela_pointcloud/assets/uspa46.part
/workspace/LeapXELA_Hardware_ws/install/xela_description/share/xela_description/mjcf/leapxela/leapXela_pointcloud/assets/leap_hand_xela_back_cover.stl
/workspace/LeapXELA_Hardware_ws/install/xela_description/share/xela_description/mjcf/leapxela/leapXela_pointcloud/assets/top_palm.part
/workspace/LeapXELA_Hardware_ws/install/xela_description/share/xela_description/mjcf/leapxela/leapXela_pointcloud/assets/palm_face.stl
/workspace/LeapXELA_Hardware_ws/install/xela_description/share/xela_description/mjcf/leapxela/leapXela_pointcloud/assets/outer_skin_v1_3_1.part
/workspace/LeapXELA_Hardware_ws/install/xela_description/share/xela_description/mjcf/leapxela/leapXela_pointcloud/assets/outer_skin_v1_3_1.stl
/workspace/LeapXELA_Hardware_ws/install/xela_description/share/xela_description/mjcf/leapxela/leapXela_pointcloud/assets/thp1_unified.stl
/workspace/LeapXELA_Hardware_ws/install/xela_description/share/xela_description/mjcf/leapxela/leapXela_pointcloud/assets/thconnector.part
/workspace/LeapXELA_Hardware_ws/install/xela_description/share/xela_description/mjcf/leapxela/leapXela_pointcloud/assets/thp0_unified.part
/workspace/LeapXELA_Hardware_ws/install/xela_description/share/xela_description/mjcf/leapxela/leapXela_pointcloud/assets/leap_hand_xela_back_cover.part
/workspace/LeapXELA_Hardware_ws/install/xela_description/share/xela_description/mjcf/leapxela/leapXela_pointcloud/assets/p3_unified.stl
/workspace/LeapXELA_Hardware_ws/install/xela_description/share/xela_description/mjcf/leapxela/leapXela_pointcloud/assets/leap_hand_xela_bottom.part
/workspace/LeapXELA_Hardware_ws/install/xela_description/share/xela_description/mjcf/leapxela/leapXela_pointcloud/assets/pointcloud.stl
/workspace/LeapXELA_Hardware_ws/install/xela_description/share/xela_description/mjcf/leapxela/leapXela_pointcloud/assets/thp2_unified.stl
/workspace/LeapXELA_Hardware_ws/install/xela_description/share/xela_description/mjcf/leapxela/leapXela_pointcloud/assets/p2_unified.stl
/workspace/LeapXELA_Hardware_ws/install/xela_description/share/xela_description/mjcf/leapxela/leapXela_pointcloud/assets/4_6_origin.stl
/workspace/LeapXELA_Hardware_ws/install/xela_description/share/xela_description/mjcf/leapxela/leapXela_pointcloud/assets/p2_unified.part
/workspace/LeapXELA_Hardware_ws/install/xela_description/share/xela_description/mjcf/leapxela/leapXela_pointcloud/assets/thp2_unified.part
/workspace/LeapXELA_Hardware_ws/install/xela_description/share/xela_description/mjcf/leapxela/leapXela_pointcloud/assets/servo_unified.part
/workspace/LeapXELA_Hardware_ws/install/xela_description/share/xela_description/mjcf/leapxela/__pycache__/taxel_layout.cpython-310.pyc
/workspace/LeapXELA_Hardware_ws/install/xela_description/share/xela_description/mjcf/leapxela/__pycache__/taxel_layout.cpython-312.pyc
/workspace/LeapXELA_Hardware_ws/install/xela_description/share/xela_description/mjcf/leapxela/data/leapxela_debug/layout/layout_closeup_fingers.png
/workspace/LeapXELA_Hardware_ws/install/xela_description/share/xela_description/mjcf/leapxela/data/leapxela_debug/layout/layout_fixed.png
/workspace/LeapXELA_Hardware_ws/install/xela_description/share/xela_description/mjcf/leapxela/data/leapxela_debug/layout/layout_closeup_thumb.png
/workspace/LeapXELA_Hardware_ws/install/xela_description/share/xela_description/mjcf/leapxela/data/leapxela_debug/layout/layout_top.png
/workspace/LeapXELA_Hardware_ws/install/xela_description/share/xela_description/mjcf/flex_sensor_heatmaps/if_tip.png
/workspace/LeapXELA_Hardware_ws/install/xela_description/share/xela_description/mjcf/flex_sensor_heatmaps/if_bs_uspa44.png
/workspace/LeapXELA_Hardware_ws/install/xela_description/share/xela_description/mjcf/flex_sensor_heatmaps/mf_px_uspa44.png
/workspace/LeapXELA_Hardware_ws/install/xela_description/share/xela_description/mjcf/flex_sensor_heatmaps/rf_tip.png
/workspace/LeapXELA_Hardware_ws/install/xela_description/share/xela_description/mjcf/flex_sensor_heatmaps/mf_bs_uspa44.png
/workspace/LeapXELA_Hardware_ws/install/xela_description/share/xela_description/mjcf/flex_sensor_heatmaps/rf_px_uspa44.png
/workspace/LeapXELA_Hardware_ws/install/xela_description/share/xela_description/mjcf/flex_sensor_heatmaps/rf_md_uspa44.png
/workspace/LeapXELA_Hardware_ws/install/xela_description/share/xela_description/mjcf/flex_sensor_heatmaps/hand_taxel_heatmap.png
/workspace/LeapXELA_Hardware_ws/install/xela_description/share/xela_description/mjcf/flex_sensor_heatmaps/uspa46_2.png
/workspace/LeapXELA_Hardware_ws/install/xela_description/share/xela_description/mjcf/flex_sensor_heatmaps/th_ds_uspa44.png
/workspace/LeapXELA_Hardware_ws/install/xela_description/share/xela_description/mjcf/flex_sensor_heatmaps/rf_bs_uspa44.png
/workspace/LeapXELA_Hardware_ws/install/xela_description/share/xela_description/mjcf/flex_sensor_heatmaps/if_md_uspa44.png
/workspace/LeapXELA_Hardware_ws/install/xela_description/share/xela_description/mjcf/flex_sensor_heatmaps/if_px_uspa44.png
/workspace/LeapXELA_Hardware_ws/install/xela_description/share/xela_description/mjcf/flex_sensor_heatmaps/th_tip.png
/workspace/LeapXELA_Hardware_ws/install/xela_description/share/xela_description/mjcf/flex_sensor_heatmaps/uspa46_1.png
/workspace/LeapXELA_Hardware_ws/install/xela_description/share/xela_description/mjcf/flex_sensor_heatmaps/th_px_uspa44.png
/workspace/LeapXELA_Hardware_ws/install/xela_description/share/xela_description/mjcf/flex_sensor_heatmaps/mf_md_uspa44.png
/workspace/LeapXELA_Hardware_ws/install/xela_description/share/xela_description/mjcf/flex_sensor_heatmaps/uspa46_3.png
/workspace/LeapXELA_Hardware_ws/install/xela_description/share/xela_description/mjcf/flex_sensor_heatmaps/mf_tip.png
/workspace/LeapXELA_Hardware_ws/install/xela_description/share/xela_description/mjcf/meshes/leap_mount.obj
/workspace/LeapXELA_Hardware_ws/install/xela_description/share/xela_description/mjcf/meshes/dex_cube.obj
/workspace/LeapXELA_Hardware_ws/install/xela_description/share/xela_description/assets/fingertop_unfied.part
/workspace/LeapXELA_Hardware_ws/install/xela_description/share/xela_description/assets/p4_unified.stl
/workspace/LeapXELA_Hardware_ws/install/xela_description/share/xela_description/assets/thp0_unified.stl
/workspace/LeapXELA_Hardware_ws/install/xela_description/share/xela_description/assets/fingertop_unfied.stl
/workspace/LeapXELA_Hardware_ws/install/xela_description/share/xela_description/assets/p5_unified.stl
/workspace/LeapXELA_Hardware_ws/install/xela_description/share/xela_description/assets/palm_face.part
/workspace/LeapXELA_Hardware_ws/install/xela_description/share/xela_description/assets/thfingertip_unified.part
/workspace/LeapXELA_Hardware_ws/install/xela_description/share/xela_description/assets/thconnector.stl
/workspace/LeapXELA_Hardware_ws/install/xela_description/share/xela_description/assets/p3_unified.part
/workspace/LeapXELA_Hardware_ws/install/xela_description/share/xela_description/assets/thp1_unified.part
/workspace/LeapXELA_Hardware_ws/install/xela_description/share/xela_description/assets/top_palm.stl
/workspace/LeapXELA_Hardware_ws/install/xela_description/share/xela_description/assets/leap_hand_xela_motorholder.part
/workspace/LeapXELA_Hardware_ws/install/xela_description/share/xela_description/assets/clipper.part
/workspace/LeapXELA_Hardware_ws/install/xela_description/share/xela_description/assets/uspa46.stl
/workspace/LeapXELA_Hardware_ws/install/xela_description/share/xela_description/assets/leap_hand_xela_motorholder.stl
/workspace/LeapXELA_Hardware_ws/install/xela_description/share/xela_description/assets/leap_hand_xela_bottom.stl
/workspace/LeapXELA_Hardware_ws/install/xela_description/share/xela_description/assets/leap_hand_xela_side_cover.stl
/workspace/LeapXELA_Hardware_ws/install/xela_description/share/xela_description/assets/p5_unified.part
/workspace/LeapXELA_Hardware_ws/install/xela_description/share/xela_description/assets/p4_unified.part
/workspace/LeapXELA_Hardware_ws/install/xela_description/share/xela_description/assets/leap_hand_xela_side_cover.part
/workspace/LeapXELA_Hardware_ws/install/xela_description/share/xela_description/assets/clipper.stl
/workspace/LeapXELA_Hardware_ws/install/xela_description/share/xela_description/assets/uspa46.part
/workspace/LeapXELA_Hardware_ws/install/xela_description/share/xela_description/assets/thfingertip_unified.stl
/workspace/LeapXELA_Hardware_ws/install/xela_description/share/xela_description/assets/leap_hand_xela_back_cover.stl
/workspace/LeapXELA_Hardware_ws/install/xela_description/share/xela_description/assets/top_palm.part
/workspace/LeapXELA_Hardware_ws/install/xela_description/share/xela_description/assets/palm_face.stl
/workspace/LeapXELA_Hardware_ws/install/xela_description/share/xela_description/assets/thp1_unified.stl
/workspace/LeapXELA_Hardware_ws/install/xela_description/share/xela_description/assets/thconnector.part
/workspace/LeapXELA_Hardware_ws/install/xela_description/share/xela_description/assets/thp0_unified.part
/workspace/LeapXELA_Hardware_ws/install/xela_description/share/xela_description/assets/leap_hand_xela_back_cover.part
/workspace/LeapXELA_Hardware_ws/install/xela_description/share/xela_description/assets/p3_unified.stl
/workspace/LeapXELA_Hardware_ws/install/xela_description/share/xela_description/assets/leap_hand_xela_bottom.part
/workspace/LeapXELA_Hardware_ws/install/xela_description/share/xela_description/assets/thp2_unified.stl
/workspace/LeapXELA_Hardware_ws/install/xela_description/share/xela_description/assets/p2_unified.stl
/workspace/LeapXELA_Hardware_ws/install/xela_description/share/xela_description/assets/p2_unified.part
/workspace/LeapXELA_Hardware_ws/install/xela_description/share/xela_description/assets/thp2_unified.part
/workspace/LeapXELA_Hardware_ws/install/xela_description/lib/python3.10/site-packages/xela_description-0.0.0-py3.10.egg-info/dependency_links.txt
/workspace/LeapXELA_Hardware_ws/install/xela_description/lib/python3.10/site-packages/xela_description-0.0.0-py3.10.egg-info/SOURCES.txt
/workspace/LeapXELA_Hardware_ws/install/xela_description/lib/python3.10/site-packages/xela_description-0.0.0-py3.10.egg-info/PKG-INFO
/workspace/LeapXELA_Hardware_ws/install/xela_description/lib/python3.10/site-packages/xela_description-0.0.0-py3.10.egg-info/requires.txt
/workspace/LeapXELA_Hardware_ws/install/xela_description/lib/python3.10/site-packages/xela_description-0.0.0-py3.10.egg-info/entry_points.txt
/workspace/LeapXELA_Hardware_ws/install/xela_description/lib/python3.10/site-packages/xela_description-0.0.0-py3.10.egg-info/zip-safe
/workspace/LeapXELA_Hardware_ws/install/xela_description/lib/python3.10/site-packages/xela_description-0.0.0-py3.10.egg-info/top_level.txt
/workspace/LeapXELA_Hardware_ws/install/xela_description/lib/xela_description/visulize
/workspace/LeapXELA_Hardware_ws/install/xela_description/lib/xela_description/visulize_finger
/workspace/LeapXELA_Hardware_ws/install/xela_description/lib/xela_description/visulize_hand
/workspace/LeapXELA_Hardware_ws/install/xela_description/lib/xela_description/visulize_mjcf
/workspace/LeapXELA_Hardware_ws/install/xela_description/lib/xela_description/visulize_palm
/workspace/LeapXELA_Hardware_ws/install/xela_description/lib/xela_description/visulize_thumb
